Archive member included to satisfy reference by file (symbol)

/home/kunal/ti/ccs1220/ccs/tools/compiler/gcc-arm-none-eabi-9-2019-q4-major/bin/../lib/gcc/arm-none-eabi/9.2.1/../../../../arm-none-eabi/lib/thumb/v7e-m/nofp/libc.a(lib_a-exit.o)
                              /home/kunal/ti/ccs1220/ccs/tools/compiler/gcc-arm-none-eabi-9-2019-q4-major/bin/../lib/gcc/arm-none-eabi/9.2.1/../../../../arm-none-eabi/lib/thumb/v7e-m/nofp/crt0.o (exit)
/home/kunal/ti/ccs1220/ccs/tools/compiler/gcc-arm-none-eabi-9-2019-q4-major/bin/../lib/gcc/arm-none-eabi/9.2.1/../../../../arm-none-eabi/lib/thumb/v7e-m/nofp/libc.a(lib_a-impure.o)
                              /home/kunal/ti/ccs1220/ccs/tools/compiler/gcc-arm-none-eabi-9-2019-q4-major/bin/../lib/gcc/arm-none-eabi/9.2.1/../../../../arm-none-eabi/lib/thumb/v7e-m/nofp/libc.a(lib_a-exit.o) (_global_impure_ptr)
/home/kunal/ti/ccs1220/ccs/tools/compiler/gcc-arm-none-eabi-9-2019-q4-major/bin/../lib/gcc/arm-none-eabi/9.2.1/../../../../arm-none-eabi/lib/thumb/v7e-m/nofp/libc.a(lib_a-init.o)
                              /home/kunal/ti/ccs1220/ccs/tools/compiler/gcc-arm-none-eabi-9-2019-q4-major/bin/../lib/gcc/arm-none-eabi/9.2.1/../../../../arm-none-eabi/lib/thumb/v7e-m/nofp/crt0.o (__libc_init_array)
/home/kunal/ti/ccs1220/ccs/tools/compiler/gcc-arm-none-eabi-9-2019-q4-major/bin/../lib/gcc/arm-none-eabi/9.2.1/../../../../arm-none-eabi/lib/thumb/v7e-m/nofp/libc.a(lib_a-memset.o)
                              /home/kunal/ti/ccs1220/ccs/tools/compiler/gcc-arm-none-eabi-9-2019-q4-major/bin/../lib/gcc/arm-none-eabi/9.2.1/../../../../arm-none-eabi/lib/thumb/v7e-m/nofp/crt0.o (memset)
/home/kunal/ti/ccs1220/ccs/tools/compiler/gcc-arm-none-eabi-9-2019-q4-major/bin/../lib/gcc/arm-none-eabi/9.2.1/../../../../arm-none-eabi/lib/thumb/v7e-m/nofp/libc.a(lib_a-__call_atexit.o)
                              /home/kunal/ti/ccs1220/ccs/tools/compiler/gcc-arm-none-eabi-9-2019-q4-major/bin/../lib/gcc/arm-none-eabi/9.2.1/../../../../arm-none-eabi/lib/thumb/v7e-m/nofp/libc.a(lib_a-exit.o) (__call_exitprocs)
/home/kunal/ti/ccs1220/ccs/tools/compiler/gcc-arm-none-eabi-9-2019-q4-major/bin/../lib/gcc/arm-none-eabi/9.2.1/../../../../arm-none-eabi/lib/thumb/v7e-m/nofp/libc.a(lib_a-atexit.o)
                              /home/kunal/ti/ccs1220/ccs/tools/compiler/gcc-arm-none-eabi-9-2019-q4-major/bin/../lib/gcc/arm-none-eabi/9.2.1/../../../../arm-none-eabi/lib/thumb/v7e-m/nofp/libc.a(lib_a-__call_atexit.o) (atexit)
/home/kunal/ti/ccs1220/ccs/tools/compiler/gcc-arm-none-eabi-9-2019-q4-major/bin/../lib/gcc/arm-none-eabi/9.2.1/../../../../arm-none-eabi/lib/thumb/v7e-m/nofp/libc.a(lib_a-fini.o)
                              /home/kunal/ti/ccs1220/ccs/tools/compiler/gcc-arm-none-eabi-9-2019-q4-major/bin/../lib/gcc/arm-none-eabi/9.2.1/../../../../arm-none-eabi/lib/thumb/v7e-m/nofp/libc.a(lib_a-__call_atexit.o) (__libc_fini_array)
/home/kunal/ti/ccs1220/ccs/tools/compiler/gcc-arm-none-eabi-9-2019-q4-major/bin/../lib/gcc/arm-none-eabi/9.2.1/../../../../arm-none-eabi/lib/thumb/v7e-m/nofp/libc.a(lib_a-lock.o)
                              /home/kunal/ti/ccs1220/ccs/tools/compiler/gcc-arm-none-eabi-9-2019-q4-major/bin/../lib/gcc/arm-none-eabi/9.2.1/../../../../arm-none-eabi/lib/thumb/v7e-m/nofp/libc.a(lib_a-__call_atexit.o) (__retarget_lock_acquire_recursive)
/home/kunal/ti/ccs1220/ccs/tools/compiler/gcc-arm-none-eabi-9-2019-q4-major/bin/../lib/gcc/arm-none-eabi/9.2.1/../../../../arm-none-eabi/lib/thumb/v7e-m/nofp/libc.a(lib_a-__atexit.o)
                              /home/kunal/ti/ccs1220/ccs/tools/compiler/gcc-arm-none-eabi-9-2019-q4-major/bin/../lib/gcc/arm-none-eabi/9.2.1/../../../../arm-none-eabi/lib/thumb/v7e-m/nofp/libc.a(lib_a-atexit.o) (__register_exitproc)
/home/kunal/ti/ccs1220/ccs/tools/compiler/gcc-arm-none-eabi-9-2019-q4-major/bin/../lib/gcc/arm-none-eabi/9.2.1/../../../../arm-none-eabi/lib/thumb/v7e-m/nofp/libnosys.a(_exit.o)
                              /home/kunal/ti/ccs1220/ccs/tools/compiler/gcc-arm-none-eabi-9-2019-q4-major/bin/../lib/gcc/arm-none-eabi/9.2.1/../../../../arm-none-eabi/lib/thumb/v7e-m/nofp/libc.a(lib_a-exit.o) (_exit)

Allocating common symbols
Common symbol       size              file

__lock___atexit_recursive_mutex
                    0x1               /home/kunal/ti/ccs1220/ccs/tools/compiler/gcc-arm-none-eabi-9-2019-q4-major/bin/../lib/gcc/arm-none-eabi/9.2.1/../../../../arm-none-eabi/lib/thumb/v7e-m/nofp/libc.a(lib_a-lock.o)
__lock___arc4random_mutex
                    0x1               /home/kunal/ti/ccs1220/ccs/tools/compiler/gcc-arm-none-eabi-9-2019-q4-major/bin/../lib/gcc/arm-none-eabi/9.2.1/../../../../arm-none-eabi/lib/thumb/v7e-m/nofp/libc.a(lib_a-lock.o)
__lock___env_recursive_mutex
                    0x1               /home/kunal/ti/ccs1220/ccs/tools/compiler/gcc-arm-none-eabi-9-2019-q4-major/bin/../lib/gcc/arm-none-eabi/9.2.1/../../../../arm-none-eabi/lib/thumb/v7e-m/nofp/libc.a(lib_a-lock.o)
__lock___sinit_recursive_mutex
                    0x1               /home/kunal/ti/ccs1220/ccs/tools/compiler/gcc-arm-none-eabi-9-2019-q4-major/bin/../lib/gcc/arm-none-eabi/9.2.1/../../../../arm-none-eabi/lib/thumb/v7e-m/nofp/libc.a(lib_a-lock.o)
__lock___malloc_recursive_mutex
                    0x1               /home/kunal/ti/ccs1220/ccs/tools/compiler/gcc-arm-none-eabi-9-2019-q4-major/bin/../lib/gcc/arm-none-eabi/9.2.1/../../../../arm-none-eabi/lib/thumb/v7e-m/nofp/libc.a(lib_a-lock.o)
__lock___at_quick_exit_mutex
                    0x1               /home/kunal/ti/ccs1220/ccs/tools/compiler/gcc-arm-none-eabi-9-2019-q4-major/bin/../lib/gcc/arm-none-eabi/9.2.1/../../../../arm-none-eabi/lib/thumb/v7e-m/nofp/libc.a(lib_a-lock.o)
__lock___dd_hash_mutex
                    0x1               /home/kunal/ti/ccs1220/ccs/tools/compiler/gcc-arm-none-eabi-9-2019-q4-major/bin/../lib/gcc/arm-none-eabi/9.2.1/../../../../arm-none-eabi/lib/thumb/v7e-m/nofp/libc.a(lib_a-lock.o)
__lock___tz_mutex   0x1               /home/kunal/ti/ccs1220/ccs/tools/compiler/gcc-arm-none-eabi-9-2019-q4-major/bin/../lib/gcc/arm-none-eabi/9.2.1/../../../../arm-none-eabi/lib/thumb/v7e-m/nofp/libc.a(lib_a-lock.o)
__lock___sfp_recursive_mutex
                    0x1               /home/kunal/ti/ccs1220/ccs/tools/compiler/gcc-arm-none-eabi-9-2019-q4-major/bin/../lib/gcc/arm-none-eabi/9.2.1/../../../../arm-none-eabi/lib/thumb/v7e-m/nofp/libc.a(lib_a-lock.o)

Memory Configuration

Name             Origin             Length             Attributes
FLASH            0x0000000000000000 0x0000000000040000 xr
SRAM             0x0000000020000000 0x0000000000008000 xw
*default*        0x0000000000000000 0xffffffffffffffff

Linker script and memory map

LOAD /home/kunal/ti/ccs1220/ccs/tools/compiler/gcc-arm-none-eabi-9-2019-q4-major/bin/../lib/gcc/arm-none-eabi/9.2.1/thumb/v7e-m/nofp/crti.o
LOAD /home/kunal/ti/ccs1220/ccs/tools/compiler/gcc-arm-none-eabi-9-2019-q4-major/bin/../lib/gcc/arm-none-eabi/9.2.1/thumb/v7e-m/nofp/crtbegin.o
LOAD /home/kunal/ti/ccs1220/ccs/tools/compiler/gcc-arm-none-eabi-9-2019-q4-major/bin/../lib/gcc/arm-none-eabi/9.2.1/../../../../arm-none-eabi/lib/thumb/v7e-m/nofp/crt0.o
LOAD ./main.o
LOAD ./motor_pwm.o
LOAD ./tm4c123gh6pm_startup_ccs_gcc.o
                0x0000000000000000                PROVIDE (_intvecs_base_address = 0x0)

.intvecs        0x0000000000000000      0x26c
 *(.intvecs)
 .intvecs       0x0000000000000000      0x26c ./tm4c123gh6pm_startup_ccs_gcc.o
                0x0000000000000000                g_pfnVectors
                0x0000000020000000                PROVIDE (_vtable_base_address = 0x20000000)

.vtable
 *(.vtable)

.text           0x000000000000026c      0x84c
 CREATE_OBJECT_SYMBOLS
 *(.text)
 .text          0x000000000000026c        0x0 /home/kunal/ti/ccs1220/ccs/tools/compiler/gcc-arm-none-eabi-9-2019-q4-major/bin/../lib/gcc/arm-none-eabi/9.2.1/thumb/v7e-m/nofp/crti.o
 .text          0x000000000000026c       0x40 /home/kunal/ti/ccs1220/ccs/tools/compiler/gcc-arm-none-eabi-9-2019-q4-major/bin/../lib/gcc/arm-none-eabi/9.2.1/thumb/v7e-m/nofp/crtbegin.o
 .text          0x00000000000002ac       0x74 /home/kunal/ti/ccs1220/ccs/tools/compiler/gcc-arm-none-eabi-9-2019-q4-major/bin/../lib/gcc/arm-none-eabi/9.2.1/../../../../arm-none-eabi/lib/thumb/v7e-m/nofp/crt0.o
                0x00000000000002ac                _mainCRTStartup
                0x00000000000002ac                _start
 .text          0x0000000000000320        0x0 ./main.o
 .text          0x0000000000000320        0x0 ./motor_pwm.o
 .text          0x0000000000000320        0x0 ./tm4c123gh6pm_startup_ccs_gcc.o
 .text          0x0000000000000320        0x0 /home/kunal/ti/ccs1220/ccs/tools/compiler/gcc-arm-none-eabi-9-2019-q4-major/bin/../lib/gcc/arm-none-eabi/9.2.1/../../../../arm-none-eabi/lib/thumb/v7e-m/nofp/libc.a(lib_a-exit.o)
 .text          0x0000000000000320        0x0 /home/kunal/ti/ccs1220/ccs/tools/compiler/gcc-arm-none-eabi-9-2019-q4-major/bin/../lib/gcc/arm-none-eabi/9.2.1/../../../../arm-none-eabi/lib/thumb/v7e-m/nofp/libc.a(lib_a-impure.o)
 .text          0x0000000000000320        0x0 /home/kunal/ti/ccs1220/ccs/tools/compiler/gcc-arm-none-eabi-9-2019-q4-major/bin/../lib/gcc/arm-none-eabi/9.2.1/../../../../arm-none-eabi/lib/thumb/v7e-m/nofp/libc.a(lib_a-init.o)
 .text          0x0000000000000320        0x0 /home/kunal/ti/ccs1220/ccs/tools/compiler/gcc-arm-none-eabi-9-2019-q4-major/bin/../lib/gcc/arm-none-eabi/9.2.1/../../../../arm-none-eabi/lib/thumb/v7e-m/nofp/libc.a(lib_a-memset.o)
 .text          0x0000000000000320        0x0 /home/kunal/ti/ccs1220/ccs/tools/compiler/gcc-arm-none-eabi-9-2019-q4-major/bin/../lib/gcc/arm-none-eabi/9.2.1/../../../../arm-none-eabi/lib/thumb/v7e-m/nofp/libc.a(lib_a-__call_atexit.o)
 .text          0x0000000000000320        0x0 /home/kunal/ti/ccs1220/ccs/tools/compiler/gcc-arm-none-eabi-9-2019-q4-major/bin/../lib/gcc/arm-none-eabi/9.2.1/../../../../arm-none-eabi/lib/thumb/v7e-m/nofp/libc.a(lib_a-atexit.o)
 .text          0x0000000000000320        0x0 /home/kunal/ti/ccs1220/ccs/tools/compiler/gcc-arm-none-eabi-9-2019-q4-major/bin/../lib/gcc/arm-none-eabi/9.2.1/../../../../arm-none-eabi/lib/thumb/v7e-m/nofp/libc.a(lib_a-fini.o)
 .text          0x0000000000000320        0x0 /home/kunal/ti/ccs1220/ccs/tools/compiler/gcc-arm-none-eabi-9-2019-q4-major/bin/../lib/gcc/arm-none-eabi/9.2.1/../../../../arm-none-eabi/lib/thumb/v7e-m/nofp/libc.a(lib_a-lock.o)
 .text          0x0000000000000320        0x0 /home/kunal/ti/ccs1220/ccs/tools/compiler/gcc-arm-none-eabi-9-2019-q4-major/bin/../lib/gcc/arm-none-eabi/9.2.1/../../../../arm-none-eabi/lib/thumb/v7e-m/nofp/libc.a(lib_a-__atexit.o)
 .text          0x0000000000000320        0x0 /home/kunal/ti/ccs1220/ccs/tools/compiler/gcc-arm-none-eabi-9-2019-q4-major/bin/../lib/gcc/arm-none-eabi/9.2.1/../../../../arm-none-eabi/lib/thumb/v7e-m/nofp/libnosys.a(_exit.o)
 .text          0x0000000000000320        0x0 /home/kunal/ti/ccs1220/ccs/tools/compiler/gcc-arm-none-eabi-9-2019-q4-major/bin/../lib/gcc/arm-none-eabi/9.2.1/thumb/v7e-m/nofp/crtend.o
 .text          0x0000000000000320        0x0 /home/kunal/ti/ccs1220/ccs/tools/compiler/gcc-arm-none-eabi-9-2019-q4-major/bin/../lib/gcc/arm-none-eabi/9.2.1/thumb/v7e-m/nofp/crtn.o
 *(.text.*)
 .text.main     0x0000000000000320       0x3a ./main.o
                0x0000000000000320                main
 .text.delayMs  0x000000000000035a       0x3e ./main.o
                0x000000000000035a                delayMs
 .text.pwm_init_motor_right
                0x0000000000000398       0xfc ./motor_pwm.o
                0x0000000000000398                pwm_init_motor_right
 .text.pwm_init_motor_left
                0x0000000000000494      0x108 ./motor_pwm.o
                0x0000000000000494                pwm_init_motor_left
 .text.motors_move_stop
                0x000000000000059c       0x2c ./motor_pwm.o
                0x000000000000059c                motors_move_stop
 .text.motors_move_forward
                0x00000000000005c8       0x2c ./motor_pwm.o
                0x00000000000005c8                motors_move_forward
 .text.motors_move_back
                0x00000000000005f4       0x5c ./motor_pwm.o
                0x00000000000005f4                motors_move_back
 .text.motor_move_right
                0x0000000000000650       0x2c ./motor_pwm.o
                0x0000000000000650                motor_move_right
 .text.motor_move_left
                0x000000000000067c       0x2c ./motor_pwm.o
                0x000000000000067c                motor_move_left
 .text.set_duty_cycle_motor_forward
                0x00000000000006a8       0x9c ./motor_pwm.o
                0x00000000000006a8                set_duty_cycle_motor_forward
 .text.ResetISR
                0x0000000000000744       0x6c ./tm4c123gh6pm_startup_ccs_gcc.o
                0x0000000000000744                ResetISR
 .text.NmiSR    0x00000000000007b0        0x6 ./tm4c123gh6pm_startup_ccs_gcc.o
 .text.FaultISR
                0x00000000000007b6        0x6 ./tm4c123gh6pm_startup_ccs_gcc.o
 .text.IntDefaultHandler
                0x00000000000007bc        0x6 ./tm4c123gh6pm_startup_ccs_gcc.o
 *fill*         0x00000000000007c2        0x2 
 .text.exit     0x00000000000007c4       0x20 /home/kunal/ti/ccs1220/ccs/tools/compiler/gcc-arm-none-eabi-9-2019-q4-major/bin/../lib/gcc/arm-none-eabi/9.2.1/../../../../arm-none-eabi/lib/thumb/v7e-m/nofp/libc.a(lib_a-exit.o)
                0x00000000000007c4                exit
 .text.__libc_init_array
                0x00000000000007e4       0x48 /home/kunal/ti/ccs1220/ccs/tools/compiler/gcc-arm-none-eabi-9-2019-q4-major/bin/../lib/gcc/arm-none-eabi/9.2.1/../../../../arm-none-eabi/lib/thumb/v7e-m/nofp/libc.a(lib_a-init.o)
                0x00000000000007e4                __libc_init_array
 .text.memset   0x000000000000082c       0xa0 /home/kunal/ti/ccs1220/ccs/tools/compiler/gcc-arm-none-eabi-9-2019-q4-major/bin/../lib/gcc/arm-none-eabi/9.2.1/../../../../arm-none-eabi/lib/thumb/v7e-m/nofp/libc.a(lib_a-memset.o)
                0x000000000000082c                memset
 .text.startup.register_fini
                0x00000000000008cc       0x14 /home/kunal/ti/ccs1220/ccs/tools/compiler/gcc-arm-none-eabi-9-2019-q4-major/bin/../lib/gcc/arm-none-eabi/9.2.1/../../../../arm-none-eabi/lib/thumb/v7e-m/nofp/libc.a(lib_a-__call_atexit.o)
 .text.__call_exitprocs
                0x00000000000008e0       0xc4 /home/kunal/ti/ccs1220/ccs/tools/compiler/gcc-arm-none-eabi-9-2019-q4-major/bin/../lib/gcc/arm-none-eabi/9.2.1/../../../../arm-none-eabi/lib/thumb/v7e-m/nofp/libc.a(lib_a-__call_atexit.o)
                0x00000000000008e0                __call_exitprocs
 .text.atexit   0x00000000000009a4        0xc /home/kunal/ti/ccs1220/ccs/tools/compiler/gcc-arm-none-eabi-9-2019-q4-major/bin/../lib/gcc/arm-none-eabi/9.2.1/../../../../arm-none-eabi/lib/thumb/v7e-m/nofp/libc.a(lib_a-atexit.o)
                0x00000000000009a4                atexit
 .text.__libc_fini_array
                0x00000000000009b0       0x2c /home/kunal/ti/ccs1220/ccs/tools/compiler/gcc-arm-none-eabi-9-2019-q4-major/bin/../lib/gcc/arm-none-eabi/9.2.1/../../../../arm-none-eabi/lib/thumb/v7e-m/nofp/libc.a(lib_a-fini.o)
                0x00000000000009b0                __libc_fini_array
 .text.__retarget_lock_init
                0x00000000000009dc        0x4 /home/kunal/ti/ccs1220/ccs/tools/compiler/gcc-arm-none-eabi-9-2019-q4-major/bin/../lib/gcc/arm-none-eabi/9.2.1/../../../../arm-none-eabi/lib/thumb/v7e-m/nofp/libc.a(lib_a-lock.o)
                0x00000000000009dc                __retarget_lock_init
 .text.__retarget_lock_init_recursive
                0x00000000000009e0        0x4 /home/kunal/ti/ccs1220/ccs/tools/compiler/gcc-arm-none-eabi-9-2019-q4-major/bin/../lib/gcc/arm-none-eabi/9.2.1/../../../../arm-none-eabi/lib/thumb/v7e-m/nofp/libc.a(lib_a-lock.o)
                0x00000000000009e0                __retarget_lock_init_recursive
 .text.__retarget_lock_close
                0x00000000000009e4        0x4 /home/kunal/ti/ccs1220/ccs/tools/compiler/gcc-arm-none-eabi-9-2019-q4-major/bin/../lib/gcc/arm-none-eabi/9.2.1/../../../../arm-none-eabi/lib/thumb/v7e-m/nofp/libc.a(lib_a-lock.o)
                0x00000000000009e4                __retarget_lock_close
 .text.__retarget_lock_close_recursive
                0x00000000000009e8        0x4 /home/kunal/ti/ccs1220/ccs/tools/compiler/gcc-arm-none-eabi-9-2019-q4-major/bin/../lib/gcc/arm-none-eabi/9.2.1/../../../../arm-none-eabi/lib/thumb/v7e-m/nofp/libc.a(lib_a-lock.o)
                0x00000000000009e8                __retarget_lock_close_recursive
 .text.__retarget_lock_acquire
                0x00000000000009ec        0x4 /home/kunal/ti/ccs1220/ccs/tools/compiler/gcc-arm-none-eabi-9-2019-q4-major/bin/../lib/gcc/arm-none-eabi/9.2.1/../../../../arm-none-eabi/lib/thumb/v7e-m/nofp/libc.a(lib_a-lock.o)
                0x00000000000009ec                __retarget_lock_acquire
 .text.__retarget_lock_acquire_recursive
                0x00000000000009f0        0x4 /home/kunal/ti/ccs1220/ccs/tools/compiler/gcc-arm-none-eabi-9-2019-q4-major/bin/../lib/gcc/arm-none-eabi/9.2.1/../../../../arm-none-eabi/lib/thumb/v7e-m/nofp/libc.a(lib_a-lock.o)
                0x00000000000009f0                __retarget_lock_acquire_recursive
 .text.__retarget_lock_try_acquire
                0x00000000000009f4        0x4 /home/kunal/ti/ccs1220/ccs/tools/compiler/gcc-arm-none-eabi-9-2019-q4-major/bin/../lib/gcc/arm-none-eabi/9.2.1/../../../../arm-none-eabi/lib/thumb/v7e-m/nofp/libc.a(lib_a-lock.o)
                0x00000000000009f4                __retarget_lock_try_acquire
 .text.__retarget_lock_try_acquire_recursive
                0x00000000000009f8        0x4 /home/kunal/ti/ccs1220/ccs/tools/compiler/gcc-arm-none-eabi-9-2019-q4-major/bin/../lib/gcc/arm-none-eabi/9.2.1/../../../../arm-none-eabi/lib/thumb/v7e-m/nofp/libc.a(lib_a-lock.o)
                0x00000000000009f8                __retarget_lock_try_acquire_recursive
 .text.__retarget_lock_release
                0x00000000000009fc        0x4 /home/kunal/ti/ccs1220/ccs/tools/compiler/gcc-arm-none-eabi-9-2019-q4-major/bin/../lib/gcc/arm-none-eabi/9.2.1/../../../../arm-none-eabi/lib/thumb/v7e-m/nofp/libc.a(lib_a-lock.o)
                0x00000000000009fc                __retarget_lock_release
 .text.__retarget_lock_release_recursive
                0x0000000000000a00        0x4 /home/kunal/ti/ccs1220/ccs/tools/compiler/gcc-arm-none-eabi-9-2019-q4-major/bin/../lib/gcc/arm-none-eabi/9.2.1/../../../../arm-none-eabi/lib/thumb/v7e-m/nofp/libc.a(lib_a-lock.o)
                0x0000000000000a00                __retarget_lock_release_recursive
 .text.__register_exitproc
                0x0000000000000a04       0x8c /home/kunal/ti/ccs1220/ccs/tools/compiler/gcc-arm-none-eabi-9-2019-q4-major/bin/../lib/gcc/arm-none-eabi/9.2.1/../../../../arm-none-eabi/lib/thumb/v7e-m/nofp/libc.a(lib_a-__atexit.o)
                0x0000000000000a04                __register_exitproc
 .text._exit    0x0000000000000a90        0x4 /home/kunal/ti/ccs1220/ccs/tools/compiler/gcc-arm-none-eabi-9-2019-q4-major/bin/../lib/gcc/arm-none-eabi/9.2.1/../../../../arm-none-eabi/lib/thumb/v7e-m/nofp/libnosys.a(_exit.o)
                0x0000000000000a90                _exit
                0x0000000000000a94                . = ALIGN (0x4)
 *(.ctors)
                0x0000000000000a94                . = ALIGN (0x4)
 *(.dtors)
                0x0000000000000a94                . = ALIGN (0x4)
                0x0000000000000a94                __init_array_start = .
 *(.init_array*)
 .init_array    0x0000000000000a94        0x4 /home/kunal/ti/ccs1220/ccs/tools/compiler/gcc-arm-none-eabi-9-2019-q4-major/bin/../lib/gcc/arm-none-eabi/9.2.1/thumb/v7e-m/nofp/crtbegin.o
 .init_array.00000
                0x0000000000000a98        0x4 /home/kunal/ti/ccs1220/ccs/tools/compiler/gcc-arm-none-eabi-9-2019-q4-major/bin/../lib/gcc/arm-none-eabi/9.2.1/../../../../arm-none-eabi/lib/thumb/v7e-m/nofp/libc.a(lib_a-__call_atexit.o)
                0x0000000000000a9c                __init_array_end = .
 *(.init)
 .init          0x0000000000000a9c        0x4 /home/kunal/ti/ccs1220/ccs/tools/compiler/gcc-arm-none-eabi-9-2019-q4-major/bin/../lib/gcc/arm-none-eabi/9.2.1/thumb/v7e-m/nofp/crti.o
                0x0000000000000a9c                _init
 .init          0x0000000000000aa0        0x8 /home/kunal/ti/ccs1220/ccs/tools/compiler/gcc-arm-none-eabi-9-2019-q4-major/bin/../lib/gcc/arm-none-eabi/9.2.1/thumb/v7e-m/nofp/crtn.o
 *(.fini*)
 .fini          0x0000000000000aa8        0x4 /home/kunal/ti/ccs1220/ccs/tools/compiler/gcc-arm-none-eabi-9-2019-q4-major/bin/../lib/gcc/arm-none-eabi/9.2.1/thumb/v7e-m/nofp/crti.o
                0x0000000000000aa8                _fini
 .fini_array    0x0000000000000aac        0x4 /home/kunal/ti/ccs1220/ccs/tools/compiler/gcc-arm-none-eabi-9-2019-q4-major/bin/../lib/gcc/arm-none-eabi/9.2.1/thumb/v7e-m/nofp/crtbegin.o
 .fini          0x0000000000000ab0        0x8 /home/kunal/ti/ccs1220/ccs/tools/compiler/gcc-arm-none-eabi-9-2019-q4-major/bin/../lib/gcc/arm-none-eabi/9.2.1/thumb/v7e-m/nofp/crtn.o
                [!provide]                        PROVIDE (__etext = .)
                [!provide]                        PROVIDE (_etext = .)
                [!provide]                        PROVIDE (etext = .)

.glue_7         0x0000000000000ab8        0x0
 .glue_7        0x0000000000000ab8        0x0 linker stubs

.glue_7t        0x0000000000000ab8        0x0
 .glue_7t       0x0000000000000ab8        0x0 linker stubs

.vfp11_veneer   0x0000000000000ab8        0x0
 .vfp11_veneer  0x0000000000000ab8        0x0 linker stubs

.v4_bx          0x0000000000000ab8        0x0
 .v4_bx         0x0000000000000ab8        0x0 linker stubs

.iplt           0x0000000000000ab8        0x0
 .iplt          0x0000000000000ab8        0x0 /home/kunal/ti/ccs1220/ccs/tools/compiler/gcc-arm-none-eabi-9-2019-q4-major/bin/../lib/gcc/arm-none-eabi/9.2.1/thumb/v7e-m/nofp/crtbegin.o

.rodata         0x0000000000000ab8        0x4
 *(.rodata)
 *(.rodata*)
 .rodata._global_impure_ptr
                0x0000000000000ab8        0x4 /home/kunal/ti/ccs1220/ccs/tools/compiler/gcc-arm-none-eabi-9-2019-q4-major/bin/../lib/gcc/arm-none-eabi/9.2.1/../../../../arm-none-eabi/lib/thumb/v7e-m/nofp/libc.a(lib_a-impure.o)
                0x0000000000000ab8                _global_impure_ptr

.eh_frame       0x0000000000000abc        0x4
 .eh_frame      0x0000000000000abc        0x0 /home/kunal/ti/ccs1220/ccs/tools/compiler/gcc-arm-none-eabi-9-2019-q4-major/bin/../lib/gcc/arm-none-eabi/9.2.1/thumb/v7e-m/nofp/crtbegin.o
 .eh_frame      0x0000000000000abc        0x4 /home/kunal/ti/ccs1220/ccs/tools/compiler/gcc-arm-none-eabi-9-2019-q4-major/bin/../lib/gcc/arm-none-eabi/9.2.1/thumb/v7e-m/nofp/crtend.o

.data           0x0000000020000000      0x434 load address 0x0000000000000ac0
                0x0000000000000ac0                __data_load__ = LOADADDR (.data)
                0x0000000020000000                __data_start__ = .
 *(.data)
 .data          0x0000000020000000        0x0 /home/kunal/ti/ccs1220/ccs/tools/compiler/gcc-arm-none-eabi-9-2019-q4-major/bin/../lib/gcc/arm-none-eabi/9.2.1/thumb/v7e-m/nofp/crti.o
 .data          0x0000000020000000        0x4 /home/kunal/ti/ccs1220/ccs/tools/compiler/gcc-arm-none-eabi-9-2019-q4-major/bin/../lib/gcc/arm-none-eabi/9.2.1/thumb/v7e-m/nofp/crtbegin.o
                0x0000000020000000                __dso_handle
 .data          0x0000000020000004        0x0 /home/kunal/ti/ccs1220/ccs/tools/compiler/gcc-arm-none-eabi-9-2019-q4-major/bin/../lib/gcc/arm-none-eabi/9.2.1/../../../../arm-none-eabi/lib/thumb/v7e-m/nofp/crt0.o
 .data          0x0000000020000004        0x0 ./main.o
 .data          0x0000000020000004        0x0 ./motor_pwm.o
 .data          0x0000000020000004        0x0 ./tm4c123gh6pm_startup_ccs_gcc.o
 .data          0x0000000020000004        0x0 /home/kunal/ti/ccs1220/ccs/tools/compiler/gcc-arm-none-eabi-9-2019-q4-major/bin/../lib/gcc/arm-none-eabi/9.2.1/../../../../arm-none-eabi/lib/thumb/v7e-m/nofp/libc.a(lib_a-exit.o)
 .data          0x0000000020000004        0x0 /home/kunal/ti/ccs1220/ccs/tools/compiler/gcc-arm-none-eabi-9-2019-q4-major/bin/../lib/gcc/arm-none-eabi/9.2.1/../../../../arm-none-eabi/lib/thumb/v7e-m/nofp/libc.a(lib_a-impure.o)
 .data          0x0000000020000004        0x0 /home/kunal/ti/ccs1220/ccs/tools/compiler/gcc-arm-none-eabi-9-2019-q4-major/bin/../lib/gcc/arm-none-eabi/9.2.1/../../../../arm-none-eabi/lib/thumb/v7e-m/nofp/libc.a(lib_a-init.o)
 .data          0x0000000020000004        0x0 /home/kunal/ti/ccs1220/ccs/tools/compiler/gcc-arm-none-eabi-9-2019-q4-major/bin/../lib/gcc/arm-none-eabi/9.2.1/../../../../arm-none-eabi/lib/thumb/v7e-m/nofp/libc.a(lib_a-memset.o)
 .data          0x0000000020000004        0x0 /home/kunal/ti/ccs1220/ccs/tools/compiler/gcc-arm-none-eabi-9-2019-q4-major/bin/../lib/gcc/arm-none-eabi/9.2.1/../../../../arm-none-eabi/lib/thumb/v7e-m/nofp/libc.a(lib_a-__call_atexit.o)
 .data          0x0000000020000004        0x0 /home/kunal/ti/ccs1220/ccs/tools/compiler/gcc-arm-none-eabi-9-2019-q4-major/bin/../lib/gcc/arm-none-eabi/9.2.1/../../../../arm-none-eabi/lib/thumb/v7e-m/nofp/libc.a(lib_a-atexit.o)
 .data          0x0000000020000004        0x0 /home/kunal/ti/ccs1220/ccs/tools/compiler/gcc-arm-none-eabi-9-2019-q4-major/bin/../lib/gcc/arm-none-eabi/9.2.1/../../../../arm-none-eabi/lib/thumb/v7e-m/nofp/libc.a(lib_a-fini.o)
 .data          0x0000000020000004        0x0 /home/kunal/ti/ccs1220/ccs/tools/compiler/gcc-arm-none-eabi-9-2019-q4-major/bin/../lib/gcc/arm-none-eabi/9.2.1/../../../../arm-none-eabi/lib/thumb/v7e-m/nofp/libc.a(lib_a-lock.o)
 .data          0x0000000020000004        0x0 /home/kunal/ti/ccs1220/ccs/tools/compiler/gcc-arm-none-eabi-9-2019-q4-major/bin/../lib/gcc/arm-none-eabi/9.2.1/../../../../arm-none-eabi/lib/thumb/v7e-m/nofp/libc.a(lib_a-__atexit.o)
 .data          0x0000000020000004        0x0 /home/kunal/ti/ccs1220/ccs/tools/compiler/gcc-arm-none-eabi-9-2019-q4-major/bin/../lib/gcc/arm-none-eabi/9.2.1/../../../../arm-none-eabi/lib/thumb/v7e-m/nofp/libnosys.a(_exit.o)
 .data          0x0000000020000004        0x0 /home/kunal/ti/ccs1220/ccs/tools/compiler/gcc-arm-none-eabi-9-2019-q4-major/bin/../lib/gcc/arm-none-eabi/9.2.1/thumb/v7e-m/nofp/crtend.o
 .data          0x0000000020000004        0x0 /home/kunal/ti/ccs1220/ccs/tools/compiler/gcc-arm-none-eabi-9-2019-q4-major/bin/../lib/gcc/arm-none-eabi/9.2.1/thumb/v7e-m/nofp/crtn.o
 *(.data*)
 .data._impure_ptr
                0x0000000020000004        0x4 /home/kunal/ti/ccs1220/ccs/tools/compiler/gcc-arm-none-eabi-9-2019-q4-major/bin/../lib/gcc/arm-none-eabi/9.2.1/../../../../arm-none-eabi/lib/thumb/v7e-m/nofp/libc.a(lib_a-impure.o)
                0x0000000020000004                _impure_ptr
 .data.impure_data
                0x0000000020000008      0x428 /home/kunal/ti/ccs1220/ccs/tools/compiler/gcc-arm-none-eabi-9-2019-q4-major/bin/../lib/gcc/arm-none-eabi/9.2.1/../../../../arm-none-eabi/lib/thumb/v7e-m/nofp/libc.a(lib_a-impure.o)
 .data.__atexit_recursive_mutex
                0x0000000020000430        0x4 /home/kunal/ti/ccs1220/ccs/tools/compiler/gcc-arm-none-eabi-9-2019-q4-major/bin/../lib/gcc/arm-none-eabi/9.2.1/../../../../arm-none-eabi/lib/thumb/v7e-m/nofp/libc.a(lib_a-__call_atexit.o)
                0x0000000020000430                __atexit_recursive_mutex
                0x0000000020000434                . = ALIGN (0x4)
                0x0000000020000434                __data_end__ = .

.igot.plt       0x0000000020000434        0x0 load address 0x0000000000000ef4
 .igot.plt      0x0000000020000434        0x0 /home/kunal/ti/ccs1220/ccs/tools/compiler/gcc-arm-none-eabi-9-2019-q4-major/bin/../lib/gcc/arm-none-eabi/9.2.1/thumb/v7e-m/nofp/crtbegin.o

.ARM.exidx      0x0000000000000ef4        0x8
                0x0000000000000ef4                __exidx_start = .
 *(.ARM.exidx* .gnu.linkonce.armexidx.*)
 .ARM.exidx     0x0000000000000ef4        0x8 /home/kunal/ti/ccs1220/ccs/tools/compiler/gcc-arm-none-eabi-9-2019-q4-major/bin/../lib/gcc/arm-none-eabi/9.2.1/../../../../arm-none-eabi/lib/thumb/v7e-m/nofp/crt0.o
                0x0000000000000efc                __exidx_end = .

.ARM.extab      0x0000000000000efc        0x0
 *(.ARM.extab* .gnu.linkonce.armextab.*)
 .ARM.extab     0x0000000000000efc        0x0 /home/kunal/ti/ccs1220/ccs/tools/compiler/gcc-arm-none-eabi-9-2019-q4-major/bin/../lib/gcc/arm-none-eabi/9.2.1/../../../../arm-none-eabi/lib/thumb/v7e-m/nofp/crt0.o

.rel.dyn        0x0000000000000efc        0x0
 .rel.iplt      0x0000000000000efc        0x0 /home/kunal/ti/ccs1220/ccs/tools/compiler/gcc-arm-none-eabi-9-2019-q4-major/bin/../lib/gcc/arm-none-eabi/9.2.1/thumb/v7e-m/nofp/crtbegin.o

.bss            0x0000000020000434      0x240
                0x0000000020000434                __bss_start__ = .
 *(.shbss)
 *(.bss)
 .bss           0x0000000020000434        0x0 /home/kunal/ti/ccs1220/ccs/tools/compiler/gcc-arm-none-eabi-9-2019-q4-major/bin/../lib/gcc/arm-none-eabi/9.2.1/thumb/v7e-m/nofp/crti.o
 .bss           0x0000000020000434       0x1c /home/kunal/ti/ccs1220/ccs/tools/compiler/gcc-arm-none-eabi-9-2019-q4-major/bin/../lib/gcc/arm-none-eabi/9.2.1/thumb/v7e-m/nofp/crtbegin.o
 .bss           0x0000000020000450        0x0 /home/kunal/ti/ccs1220/ccs/tools/compiler/gcc-arm-none-eabi-9-2019-q4-major/bin/../lib/gcc/arm-none-eabi/9.2.1/../../../../arm-none-eabi/lib/thumb/v7e-m/nofp/crt0.o
 .bss           0x0000000020000450        0x0 ./main.o
 .bss           0x0000000020000450        0x0 ./motor_pwm.o
 .bss           0x0000000020000450        0x0 ./tm4c123gh6pm_startup_ccs_gcc.o
 .bss           0x0000000020000450        0x0 /home/kunal/ti/ccs1220/ccs/tools/compiler/gcc-arm-none-eabi-9-2019-q4-major/bin/../lib/gcc/arm-none-eabi/9.2.1/../../../../arm-none-eabi/lib/thumb/v7e-m/nofp/libc.a(lib_a-exit.o)
 .bss           0x0000000020000450        0x0 /home/kunal/ti/ccs1220/ccs/tools/compiler/gcc-arm-none-eabi-9-2019-q4-major/bin/../lib/gcc/arm-none-eabi/9.2.1/../../../../arm-none-eabi/lib/thumb/v7e-m/nofp/libc.a(lib_a-impure.o)
 .bss           0x0000000020000450        0x0 /home/kunal/ti/ccs1220/ccs/tools/compiler/gcc-arm-none-eabi-9-2019-q4-major/bin/../lib/gcc/arm-none-eabi/9.2.1/../../../../arm-none-eabi/lib/thumb/v7e-m/nofp/libc.a(lib_a-init.o)
 .bss           0x0000000020000450        0x0 /home/kunal/ti/ccs1220/ccs/tools/compiler/gcc-arm-none-eabi-9-2019-q4-major/bin/../lib/gcc/arm-none-eabi/9.2.1/../../../../arm-none-eabi/lib/thumb/v7e-m/nofp/libc.a(lib_a-memset.o)
 .bss           0x0000000020000450        0x0 /home/kunal/ti/ccs1220/ccs/tools/compiler/gcc-arm-none-eabi-9-2019-q4-major/bin/../lib/gcc/arm-none-eabi/9.2.1/../../../../arm-none-eabi/lib/thumb/v7e-m/nofp/libc.a(lib_a-__call_atexit.o)
 .bss           0x0000000020000450        0x0 /home/kunal/ti/ccs1220/ccs/tools/compiler/gcc-arm-none-eabi-9-2019-q4-major/bin/../lib/gcc/arm-none-eabi/9.2.1/../../../../arm-none-eabi/lib/thumb/v7e-m/nofp/libc.a(lib_a-atexit.o)
 .bss           0x0000000020000450        0x0 /home/kunal/ti/ccs1220/ccs/tools/compiler/gcc-arm-none-eabi-9-2019-q4-major/bin/../lib/gcc/arm-none-eabi/9.2.1/../../../../arm-none-eabi/lib/thumb/v7e-m/nofp/libc.a(lib_a-fini.o)
 .bss           0x0000000020000450        0x0 /home/kunal/ti/ccs1220/ccs/tools/compiler/gcc-arm-none-eabi-9-2019-q4-major/bin/../lib/gcc/arm-none-eabi/9.2.1/../../../../arm-none-eabi/lib/thumb/v7e-m/nofp/libc.a(lib_a-lock.o)
 .bss           0x0000000020000450        0x0 /home/kunal/ti/ccs1220/ccs/tools/compiler/gcc-arm-none-eabi-9-2019-q4-major/bin/../lib/gcc/arm-none-eabi/9.2.1/../../../../arm-none-eabi/lib/thumb/v7e-m/nofp/libc.a(lib_a-__atexit.o)
 .bss           0x0000000020000450        0x0 /home/kunal/ti/ccs1220/ccs/tools/compiler/gcc-arm-none-eabi-9-2019-q4-major/bin/../lib/gcc/arm-none-eabi/9.2.1/../../../../arm-none-eabi/lib/thumb/v7e-m/nofp/libnosys.a(_exit.o)
 .bss           0x0000000020000450        0x0 /home/kunal/ti/ccs1220/ccs/tools/compiler/gcc-arm-none-eabi-9-2019-q4-major/bin/../lib/gcc/arm-none-eabi/9.2.1/thumb/v7e-m/nofp/crtend.o
 .bss           0x0000000020000450        0x0 /home/kunal/ti/ccs1220/ccs/tools/compiler/gcc-arm-none-eabi-9-2019-q4-major/bin/../lib/gcc/arm-none-eabi/9.2.1/thumb/v7e-m/nofp/crtn.o
 *(.bss.*)
 .bss.pui32Stack
                0x0000000020000450      0x200 ./tm4c123gh6pm_startup_ccs_gcc.o
 *(COMMON)
 COMMON         0x0000000020000650       0x21 /home/kunal/ti/ccs1220/ccs/tools/compiler/gcc-arm-none-eabi-9-2019-q4-major/bin/../lib/gcc/arm-none-eabi/9.2.1/../../../../arm-none-eabi/lib/thumb/v7e-m/nofp/libc.a(lib_a-lock.o)
                0x0000000020000650                __lock___atexit_recursive_mutex
                0x0000000020000654                __lock___arc4random_mutex
                0x0000000020000658                __lock___env_recursive_mutex
                0x000000002000065c                __lock___sinit_recursive_mutex
                0x0000000020000660                __lock___malloc_recursive_mutex
                0x0000000020000664                __lock___at_quick_exit_mutex
                0x0000000020000668                __lock___dd_hash_mutex
                0x000000002000066c                __lock___tz_mutex
                0x0000000020000670                __lock___sfp_recursive_mutex
                0x0000000020000674                . = ALIGN (0x4)
 *fill*         0x0000000020000671        0x3 
                0x0000000020000674                __bss_end__ = .

.heap           0x0000000020000674        0x0
                0x0000000020000674                __heap_start__ = .
                0x0000000020000674                end = __heap_start__
                0x0000000020000674                _end = end
                0x0000000020000674                __end = end
 *(.heap)
                0x0000000020000674                __heap_end__ = .
                0x0000000020000674                __HeapLimit = __heap_end__

.stack          0x0000000020000678        0x0
                0x0000000020000678                _stack = .
                0x0000000020000678                __stack = .
 *(.stack)
START GROUP
LOAD /home/kunal/ti/ccs1220/ccs/tools/compiler/gcc-arm-none-eabi-9-2019-q4-major/bin/../lib/gcc/arm-none-eabi/9.2.1/../../../../arm-none-eabi/lib/thumb/v7e-m/nofp/libc.a
END GROUP
START GROUP
LOAD /home/kunal/ti/ccs1220/ccs/tools/compiler/gcc-arm-none-eabi-9-2019-q4-major/bin/../lib/gcc/arm-none-eabi/9.2.1/thumb/v7e-m/nofp/libgcc.a
LOAD /home/kunal/ti/ccs1220/ccs/tools/compiler/gcc-arm-none-eabi-9-2019-q4-major/bin/../lib/gcc/arm-none-eabi/9.2.1/../../../../arm-none-eabi/lib/thumb/v7e-m/nofp/libg.a
LOAD /home/kunal/ti/ccs1220/ccs/tools/compiler/gcc-arm-none-eabi-9-2019-q4-major/bin/../lib/gcc/arm-none-eabi/9.2.1/../../../../arm-none-eabi/lib/thumb/v7e-m/nofp/libc.a
END GROUP
START GROUP
LOAD /home/kunal/ti/ccs1220/ccs/tools/compiler/gcc-arm-none-eabi-9-2019-q4-major/bin/../lib/gcc/arm-none-eabi/9.2.1/thumb/v7e-m/nofp/libgcc.a
LOAD /home/kunal/ti/ccs1220/ccs/tools/compiler/gcc-arm-none-eabi-9-2019-q4-major/bin/../lib/gcc/arm-none-eabi/9.2.1/../../../../arm-none-eabi/lib/thumb/v7e-m/nofp/libc.a
LOAD /home/kunal/ti/ccs1220/ccs/tools/compiler/gcc-arm-none-eabi-9-2019-q4-major/bin/../lib/gcc/arm-none-eabi/9.2.1/../../../../arm-none-eabi/lib/thumb/v7e-m/nofp/libnosys.a
END GROUP
LOAD /home/kunal/ti/ccs1220/ccs/tools/compiler/gcc-arm-none-eabi-9-2019-q4-major/bin/../lib/gcc/arm-none-eabi/9.2.1/thumb/v7e-m/nofp/crtend.o
LOAD /home/kunal/ti/ccs1220/ccs/tools/compiler/gcc-arm-none-eabi-9-2019-q4-major/bin/../lib/gcc/arm-none-eabi/9.2.1/thumb/v7e-m/nofp/crtn.o
OUTPUT(motor_line_follower.out elf32-littlearm)

.ARM.attributes
                0x0000000000000000       0x2a
 .ARM.attributes
                0x0000000000000000       0x1e /home/kunal/ti/ccs1220/ccs/tools/compiler/gcc-arm-none-eabi-9-2019-q4-major/bin/../lib/gcc/arm-none-eabi/9.2.1/thumb/v7e-m/nofp/crti.o
 .ARM.attributes
                0x000000000000001e       0x2e /home/kunal/ti/ccs1220/ccs/tools/compiler/gcc-arm-none-eabi-9-2019-q4-major/bin/../lib/gcc/arm-none-eabi/9.2.1/thumb/v7e-m/nofp/crtbegin.o
 .ARM.attributes
                0x000000000000004c       0x1c /home/kunal/ti/ccs1220/ccs/tools/compiler/gcc-arm-none-eabi-9-2019-q4-major/bin/../lib/gcc/arm-none-eabi/9.2.1/../../../../arm-none-eabi/lib/thumb/v7e-m/nofp/crt0.o
 .ARM.attributes
                0x0000000000000068       0x2e ./main.o
 .ARM.attributes
                0x0000000000000096       0x2e ./motor_pwm.o
 .ARM.attributes
                0x00000000000000c4       0x2e ./tm4c123gh6pm_startup_ccs_gcc.o
 .ARM.attributes
                0x00000000000000f2       0x2e /home/kunal/ti/ccs1220/ccs/tools/compiler/gcc-arm-none-eabi-9-2019-q4-major/bin/../lib/gcc/arm-none-eabi/9.2.1/../../../../arm-none-eabi/lib/thumb/v7e-m/nofp/libc.a(lib_a-exit.o)
 .ARM.attributes
                0x0000000000000120       0x2e /home/kunal/ti/ccs1220/ccs/tools/compiler/gcc-arm-none-eabi-9-2019-q4-major/bin/../lib/gcc/arm-none-eabi/9.2.1/../../../../arm-none-eabi/lib/thumb/v7e-m/nofp/libc.a(lib_a-impure.o)
 .ARM.attributes
                0x000000000000014e       0x2e /home/kunal/ti/ccs1220/ccs/tools/compiler/gcc-arm-none-eabi-9-2019-q4-major/bin/../lib/gcc/arm-none-eabi/9.2.1/../../../../arm-none-eabi/lib/thumb/v7e-m/nofp/libc.a(lib_a-init.o)
 .ARM.attributes
                0x000000000000017c       0x2e /home/kunal/ti/ccs1220/ccs/tools/compiler/gcc-arm-none-eabi-9-2019-q4-major/bin/../lib/gcc/arm-none-eabi/9.2.1/../../../../arm-none-eabi/lib/thumb/v7e-m/nofp/libc.a(lib_a-memset.o)
 .ARM.attributes
                0x00000000000001aa       0x2e /home/kunal/ti/ccs1220/ccs/tools/compiler/gcc-arm-none-eabi-9-2019-q4-major/bin/../lib/gcc/arm-none-eabi/9.2.1/../../../../arm-none-eabi/lib/thumb/v7e-m/nofp/libc.a(lib_a-__call_atexit.o)
 .ARM.attributes
                0x00000000000001d8       0x2e /home/kunal/ti/ccs1220/ccs/tools/compiler/gcc-arm-none-eabi-9-2019-q4-major/bin/../lib/gcc/arm-none-eabi/9.2.1/../../../../arm-none-eabi/lib/thumb/v7e-m/nofp/libc.a(lib_a-atexit.o)
 .ARM.attributes
                0x0000000000000206       0x2e /home/kunal/ti/ccs1220/ccs/tools/compiler/gcc-arm-none-eabi-9-2019-q4-major/bin/../lib/gcc/arm-none-eabi/9.2.1/../../../../arm-none-eabi/lib/thumb/v7e-m/nofp/libc.a(lib_a-fini.o)
 .ARM.attributes
                0x0000000000000234       0x2e /home/kunal/ti/ccs1220/ccs/tools/compiler/gcc-arm-none-eabi-9-2019-q4-major/bin/../lib/gcc/arm-none-eabi/9.2.1/../../../../arm-none-eabi/lib/thumb/v7e-m/nofp/libc.a(lib_a-lock.o)
 .ARM.attributes
                0x0000000000000262       0x2e /home/kunal/ti/ccs1220/ccs/tools/compiler/gcc-arm-none-eabi-9-2019-q4-major/bin/../lib/gcc/arm-none-eabi/9.2.1/../../../../arm-none-eabi/lib/thumb/v7e-m/nofp/libc.a(lib_a-__atexit.o)
 .ARM.attributes
                0x0000000000000290       0x2e /home/kunal/ti/ccs1220/ccs/tools/compiler/gcc-arm-none-eabi-9-2019-q4-major/bin/../lib/gcc/arm-none-eabi/9.2.1/../../../../arm-none-eabi/lib/thumb/v7e-m/nofp/libnosys.a(_exit.o)
 .ARM.attributes
                0x00000000000002be       0x2e /home/kunal/ti/ccs1220/ccs/tools/compiler/gcc-arm-none-eabi-9-2019-q4-major/bin/../lib/gcc/arm-none-eabi/9.2.1/thumb/v7e-m/nofp/crtend.o
 .ARM.attributes
                0x00000000000002ec       0x1e /home/kunal/ti/ccs1220/ccs/tools/compiler/gcc-arm-none-eabi-9-2019-q4-major/bin/../lib/gcc/arm-none-eabi/9.2.1/thumb/v7e-m/nofp/crtn.o

.comment        0x0000000000000000       0x79
 .comment       0x0000000000000000       0x79 ./main.o
                                         0x7a (size before relaxing)
 .comment       0x0000000000000079       0x7a ./motor_pwm.o
 .comment       0x0000000000000079       0x7a ./tm4c123gh6pm_startup_ccs_gcc.o

.debug_info     0x0000000000000000      0x3fb
 .debug_info    0x0000000000000000      0x103 ./main.o
 .debug_info    0x0000000000000103      0x15c ./motor_pwm.o
 .debug_info    0x000000000000025f      0x19c ./tm4c123gh6pm_startup_ccs_gcc.o

.debug_abbrev   0x0000000000000000      0x224
 .debug_abbrev  0x0000000000000000       0xc3 ./main.o
 .debug_abbrev  0x00000000000000c3       0x89 ./motor_pwm.o
 .debug_abbrev  0x000000000000014c       0xd8 ./tm4c123gh6pm_startup_ccs_gcc.o

.debug_aranges  0x0000000000000000       0xb8
 .debug_aranges
                0x0000000000000000       0x28 ./main.o
 .debug_aranges
                0x0000000000000028       0x58 ./motor_pwm.o
 .debug_aranges
                0x0000000000000080       0x38 ./tm4c123gh6pm_startup_ccs_gcc.o

.debug_ranges   0x0000000000000000       0x88
 .debug_ranges  0x0000000000000000       0x18 ./main.o
 .debug_ranges  0x0000000000000018       0x48 ./motor_pwm.o
 .debug_ranges  0x0000000000000060       0x28 ./tm4c123gh6pm_startup_ccs_gcc.o

.debug_line     0x0000000000000000      0x5b7
 .debug_line    0x0000000000000000      0x16a ./main.o
 .debug_line    0x000000000000016a      0x29d ./motor_pwm.o
 .debug_line    0x0000000000000407      0x1b0 ./tm4c123gh6pm_startup_ccs_gcc.o

.debug_str      0x0000000000000000      0x319
 .debug_str     0x0000000000000000      0x18f ./main.o
                                        0x1cc (size before relaxing)
 .debug_str     0x000000000000018f       0xcf ./motor_pwm.o
                                        0x273 (size before relaxing)
 .debug_str     0x000000000000025e       0xbb ./tm4c123gh6pm_startup_ccs_gcc.o
                                        0x26a (size before relaxing)

.debug_frame    0x0000000000000000      0x428
 .debug_frame   0x0000000000000000       0x54 ./main.o
 .debug_frame   0x0000000000000054      0x118 ./motor_pwm.o
 .debug_frame   0x000000000000016c       0x7c ./tm4c123gh6pm_startup_ccs_gcc.o
 .debug_frame   0x00000000000001e8       0x28 /home/kunal/ti/ccs1220/ccs/tools/compiler/gcc-arm-none-eabi-9-2019-q4-major/bin/../lib/gcc/arm-none-eabi/9.2.1/../../../../arm-none-eabi/lib/thumb/v7e-m/nofp/libc.a(lib_a-exit.o)
 .debug_frame   0x0000000000000210       0x2c /home/kunal/ti/ccs1220/ccs/tools/compiler/gcc-arm-none-eabi-9-2019-q4-major/bin/../lib/gcc/arm-none-eabi/9.2.1/../../../../arm-none-eabi/lib/thumb/v7e-m/nofp/libc.a(lib_a-init.o)
 .debug_frame   0x000000000000023c       0x38 /home/kunal/ti/ccs1220/ccs/tools/compiler/gcc-arm-none-eabi-9-2019-q4-major/bin/../lib/gcc/arm-none-eabi/9.2.1/../../../../arm-none-eabi/lib/thumb/v7e-m/nofp/libc.a(lib_a-memset.o)
 .debug_frame   0x0000000000000274       0x5c /home/kunal/ti/ccs1220/ccs/tools/compiler/gcc-arm-none-eabi-9-2019-q4-major/bin/../lib/gcc/arm-none-eabi/9.2.1/../../../../arm-none-eabi/lib/thumb/v7e-m/nofp/libc.a(lib_a-__call_atexit.o)
 .debug_frame   0x00000000000002d0       0x20 /home/kunal/ti/ccs1220/ccs/tools/compiler/gcc-arm-none-eabi-9-2019-q4-major/bin/../lib/gcc/arm-none-eabi/9.2.1/../../../../arm-none-eabi/lib/thumb/v7e-m/nofp/libc.a(lib_a-atexit.o)
 .debug_frame   0x00000000000002f0       0x34 /home/kunal/ti/ccs1220/ccs/tools/compiler/gcc-arm-none-eabi-9-2019-q4-major/bin/../lib/gcc/arm-none-eabi/9.2.1/../../../../arm-none-eabi/lib/thumb/v7e-m/nofp/libc.a(lib_a-fini.o)
 .debug_frame   0x0000000000000324       0xb0 /home/kunal/ti/ccs1220/ccs/tools/compiler/gcc-arm-none-eabi-9-2019-q4-major/bin/../lib/gcc/arm-none-eabi/9.2.1/../../../../arm-none-eabi/lib/thumb/v7e-m/nofp/libc.a(lib_a-lock.o)
 .debug_frame   0x00000000000003d4       0x34 /home/kunal/ti/ccs1220/ccs/tools/compiler/gcc-arm-none-eabi-9-2019-q4-major/bin/../lib/gcc/arm-none-eabi/9.2.1/../../../../arm-none-eabi/lib/thumb/v7e-m/nofp/libc.a(lib_a-__atexit.o)
 .debug_frame   0x0000000000000408       0x20 /home/kunal/ti/ccs1220/ccs/tools/compiler/gcc-arm-none-eabi-9-2019-q4-major/bin/../lib/gcc/arm-none-eabi/9.2.1/../../../../arm-none-eabi/lib/thumb/v7e-m/nofp/libnosys.a(_exit.o)
