******************************************************************************
                  TI ARM Linker PC v20.2.7                     
******************************************************************************
>> Linked Tue Apr 30 08:03:41 2024

OUTPUT FILE NAME:   <freertos_leader.out>
ENTRY POINT SYMBOL: "_c_int00_noargs"  address: 00001275


MEMORY CONFIGURATION

         name            origin    length      used     unused   attr    fill
----------------------  --------  ---------  --------  --------  ----  --------
  FLASH                 00000000   00040000  0000166e  0003e992  R  X
  SRAM                  20000000   00008000  00007981  0000067f  RW X


SEGMENT ALLOCATION MAP

run origin  load origin   length   init length attrs members
----------  ----------- ---------- ----------- ----- -------
00000000    00000000    00001670   00001670    r-x
  00000000    00000000    0000026c   0000026c    r-- .intvecs
  0000026c    0000026c    000013c6   000013c6    r-x .text
  00001634    00001634    00000004   00000004    r-- .const
  00001638    00001638    00000038   00000038    r-- .cinit
20000000    20000000    00007981   00000000    rw-
  20000000    20000000    00007738   00000000    rw- .bss
  20007738    20007738    00000200   00000000    rw- .stack
  20007938    20007938    00000049   00000000    rw- .data


SECTION ALLOCATION MAP

 output                                  attributes/
section   page    origin      length       input sections
--------  ----  ----------  ----------   ----------------
.intvecs   0    00000000    0000026c     
                  00000000    0000026c     startup_ccs.obj (.intvecs)

.text      0    0000026c    000013c6     
                  0000026c    00000104     tasks.obj (.text:xTaskIncrementTick)
                  00000370    00000100     tasks.obj (.text:xTaskGenericCreate)
                  00000470    000000e4     tasks.obj (.text:xTaskResumeAll)
                  00000554    000000d2     portasm.obj (.text)
                  00000626    00000002     startup_ccs.obj (.text:FaultISR)
                  00000628    000000c8     main_freertos_leader.obj (.text:task_run_motors_transmit)
                  000006f0    000000c0     gpio.obj (.text:PORTA_CONFIG)
                  000007b0    000000b0     motor_pwm.obj (.text:pwm_init_motor_left)
                  00000860    000000b0     tasks.obj (.text:vTaskSuspend)
                  00000910    000000ac     uart.obj (.text:UART_Init)
                  000009bc    000000ac     heap_2.obj (.text:pvPortMalloc)
                  00000a68    000000a4     motor_pwm.obj (.text:pwm_init_motor_right)
                  00000b0c    000000a0     uart_debug.obj (.text:UART_Init_DEBUG)
                  00000bac    0000009c     rtsv7M4_T_le_v4SPD16_eabi.lib : memcpy_t2.asm.obj (.text)
                  00000c48    0000008c     gpio.obj (.text:PORTF_CONFIG)
                  00000cd4    0000008c     tasks.obj (.text:vTaskSwitchContext)
                  00000d60    00000080     main_freertos_leader.obj (.text:main)
                  00000de0    00000080     main_freertos_leader.obj (.text:task_computer_sensor)
                  00000e60    00000080     tasks.obj (.text:xTaskResumeFromISR)
                  00000ee0    0000007a     rtsv7M4_T_le_v4SPD16_eabi.lib : memset_t2.asm.obj (.text)
                  00000f5a    00000068                                   : copy_decompress_lzss.c.obj (.text:decompress:lzss:__TI_decompress_lzss)
                  00000fc2    00000002     startup_ccs.obj (.text:IntDefaultHandler)
                  00000fc4    00000060     tasks.obj (.text:prvInitialiseTaskLists)
                  00001024    00000060     tasks.obj (.text:vTaskStartScheduler)
                  00001084    00000058     tasks.obj (.text:prvCheckTasksWaitingTermination)
                  000010dc    00000056     tasks.obj (.text:prvInitialiseTCBVariables)
                  00001132    00000002     startup_ccs.obj (.text:NmiSR)
                  00001134    00000044     rtsv7M4_T_le_v4SPD16_eabi.lib : autoinit.c.obj (.text:__TI_auto_init_nobinit_nopinit:__TI_auto_init_nobinit_nopinit)
                  00001178    00000044     heap_2.obj (.text:vPortFree)
                  000011bc    00000040     port.obj (.text:xPortStartScheduler)
                  000011fc    0000003c     main_freertos_leader.obj (.text:PORTA_handler)
                  00001238    0000003a     tasks.obj (.text:prvAllocateTCBAndStack)
                  00001272    00000002     main_freertos_leader.obj (.text:delayMs)
                  00001274    00000034     rtsv7M4_T_le_v4SPD16_eabi.lib : boot_cortex_m.c.obj (.text:_c_int00_noargs:_c_int00_noargs)
                  000012a8    00000030     motor_pwm.obj (.text:motors_move_forward)
                  000012d8    00000030     motor_pwm.obj (.text:motors_move_left)
                  00001308    00000030     motor_pwm.obj (.text:motors_move_right)
                  00001338    00000030     heap_2.obj (.text:prvHeapInit)
                  00001368    00000030     motor_pwm.obj (.text:set_duty_cycle)
                  00001398    0000002c     port.obj (.text:xPortSysTickHandler)
                  000013c4    00000028     tasks.obj (.text:prvResetNextTaskUnblockTime)
                  000013ec    00000028     port.obj (.text:pxPortInitialiseStack)
                  00001414    00000024     tasks.obj (.text:prvTaskIsTaskSuspended)
                  00001438    00000020     motor_pwm.obj (.text:motors_move_stop)
                  00001458    00000020     list.obj (.text:uxListRemove)
                  00001478    0000001c     gpio.obj (.text:PORTF_handler)
                  00001494    0000001c     port.obj (.text:vPortEnterCritical)
                  000014b0    00000018     main_freertos_leader.obj (.text:myUartHandler_DEBUG)
                  000014c8    00000018     list.obj (.text:vListInsertEnd)
                  000014e0    00000018     port.obj (.text:vPortExitCritical)
                  000014f8    00000016     list.obj (.text:vListInitialise)
                  0000150e    00000002     main_freertos_leader.obj (.text:vApplicationStackOverflowHook)
                  00001510    00000014     main_freertos_leader.obj (.text:Uart2_Handler)
                  00001524    00000014     port.obj (.text:vPortSetupTimerInterrupt)
                  00001538    00000012     tasks.obj (.text:prvDeleteTCB)
                  0000154a    00000002     --HOLE-- [fill = 0]
                  0000154c    00000010     uart_debug.obj (.text:UART0_Transmitter_DEBUG)
                  0000155c    00000010     uart.obj (.text:UART2_Transmitter)
                  0000156c    00000010     gpio.obj (.text:center)
                  0000157c    00000010     gpio.obj (.text:left)
                  0000158c    00000010     gpio.obj (.text:left_2)
                  0000159c    00000010     port.obj (.text:prvTaskExitError)
                  000015ac    00000010     gpio.obj (.text:right)
                  000015bc    00000010     gpio.obj (.text:right_2)
                  000015cc    00000010     tasks.obj (.text:vTaskSuspendAll)
                  000015dc    0000000e     rtsv7M4_T_le_v4SPD16_eabi.lib : copy_decompress_none.c.obj (.text:decompress:none:__TI_decompress_none)
                  000015ea    0000000c                                   : copy_zero_init.c.obj (.text:decompress:ZI:__TI_zero_init)
                  000015f6    0000000c     gpio.obj (.text:gpio_init)
                  00001602    0000000c     main_freertos_leader.obj (.text:init)
                  0000160e    00000008     main_freertos_leader.obj (.text:enable_global_interrupts)
                  00001616    00000008     tasks.obj (.text:prvIdleTask)
                  0000161e    00000006     startup_ccs.obj (.text:ResetISR)
                  00001624    00000006     list.obj (.text:vListInitialiseItem)
                  0000162a    00000004     rtsv7M4_T_le_v4SPD16_eabi.lib : pre_init.c.obj (.text:_system_pre_init)
                  0000162e    00000004                                   : exit.c.obj (.text:abort:abort)

.const     0    00001634    00000004     
                  00001634    00000004     port.obj (.const)

.cinit     0    00001638    00000038     
                  00001638    00000011     (.cinit..data.load) [load image, compression = lzss]
                  00001649    00000003     --HOLE-- [fill = 0]
                  0000164c    0000000c     (__TI_handler_table)
                  00001658    00000008     (.cinit..bss.load) [load image, compression = zero_init]
                  00001660    00000010     (__TI_cinit_table)

.init_array 
*          0    00000000    00000000     UNINITIALIZED

.bss       0    20000000    00007738     UNINITIALIZED
                  20000000    00007530     heap_2.obj (.bss:ucHeap)
                  20007530    00000140     tasks.obj (.bss:pxReadyTasksLists)
                  20007670    00000020     (.common:sw)
                  20007690    00000020     (.common:w)
                  200076b0    00000014     tasks.obj (.bss:xDelayedTaskList1)
                  200076c4    00000014     tasks.obj (.bss:xDelayedTaskList2)
                  200076d8    00000014     tasks.obj (.bss:xPendingReadyList)
                  200076ec    00000014     tasks.obj (.bss:xSuspendedTaskList)
                  20007700    00000014     tasks.obj (.bss:xTasksWaitingTermination)
                  20007714    00000008     tasks.obj (.bss)
                  2000771c    00000008     heap_2.obj (.bss:xEnd)
                  20007724    00000008     heap_2.obj (.bss:xStart)
                  2000772c    00000004     (.common:porta_handler_value)
                  20007730    00000004     (.common:sensor_value)
                  20007734    00000004     (.common:w_sum)

.data      0    20007938    00000049     UNINITIALIZED
                  20007938    00000030     tasks.obj (.data)
                  20007968    0000000c     main_freertos_leader.obj (.data)
                  20007974    00000008     heap_2.obj (.data)
                  2000797c    00000004     port.obj (.data)
                  20007980    00000001     gpio.obj (.data)

.stack     0    20007738    00000200     UNINITIALIZED
                  20007738    00000004     rtsv7M4_T_le_v4SPD16_eabi.lib : boot_cortex_m.c.obj (.stack)
                  2000773c    000001fc     --HOLE--

__llvm_prf_cnts 
*          0    20000000    00000000     UNINITIALIZED

MODULE SUMMARY

       Module                       code   ro data   rw data
       ------                       ----   -------   -------
    .\
       main_freertos_leader.obj     584    0         84     
       startup_ccs.obj              12     620       0      
       motor_pwm.obj                564    0         0      
       gpio.obj                     452    0         5      
       uart.obj                     188    0         0      
       uart_debug.obj               176    0         0      
    +--+----------------------------+------+---------+---------+
       Total:                       1976   620       89     
                                                            
    .\third_party\FreeRTOS\Source\
       tasks.obj                    1730   0         476    
       list.obj                     84     0         0      
    +--+----------------------------+------+---------+---------+
       Total:                       1814   0         476    
                                                            
    .\third_party\FreeRTOS\Source\portable\CCS\ARM_CM4F\
       port.obj                     236    4         4      
       portasm.obj                  210    0         0      
    +--+----------------------------+------+---------+---------+
       Total:                       446    4         4      
                                                            
    .\third_party\FreeRTOS\Source\portable\MemMang\
       heap_2.obj                   288    0         30024  
    +--+----------------------------+------+---------+---------+
       Total:                       288    0         30024  
                                                            
    C:\ti\ccs1220\ccs\tools\compiler\ti-cgt-arm_20.2.7.LTS\lib\rtsv7M4_T_le_v4SPD16_eabi.lib
       memcpy_t2.asm.obj            156    0         0      
       memset_t2.asm.obj            122    0         0      
       copy_decompress_lzss.c.obj   104    0         0      
       autoinit.c.obj               68     0         0      
       boot_cortex_m.c.obj          52     0         0      
       copy_decompress_none.c.obj   14     0         0      
       copy_zero_init.c.obj         12     0         0      
       exit.c.obj                   4      0         0      
       pre_init.c.obj               4      0         0      
    +--+----------------------------+------+---------+---------+
       Total:                       536    0         0      
                                                            
       Stack:                       0      0         512    
       Linker Generated:            0      53        0      
    +--+----------------------------+------+---------+---------+
       Grand Total:                 5060   677       31105  


LINKER GENERATED COPY TABLES

__TI_cinit_table @ 00001660 records: 2, size/record: 8, table size: 16
	.data: load addr=00001638, load size=00000011 bytes, run addr=20007938, run size=00000049 bytes, compression=lzss
	.bss: load addr=00001658, load size=00000008 bytes, run addr=20000000, run size=00007738 bytes, compression=zero_init


LINKER GENERATED HANDLER TABLE

__TI_handler_table @ 0000164c records: 3, size/record: 4, table size: 12
	index: 0, handler: __TI_decompress_lzss
	index: 1, handler: __TI_decompress_none
	index: 2, handler: __TI_zero_init


GLOBAL SYMBOLS: SORTED ALPHABETICALLY BY Name 

address   name                            
-------   ----                            
0000162f  C$$EXIT                         
000006f1  PORTA_CONFIG                    
000011fd  PORTA_handler                   
00000c49  PORTF_CONFIG                    
00001479  PORTF_handler                   
0000161f  ResetISR                        
0000154d  UART0_Transmitter_DEBUG         
0000155d  UART2_Transmitter               
00000911  UART_Init                       
00000b0d  UART_Init_DEBUG                 
00001511  Uart2_Handler                   
20007938  __STACK_END                     
00000200  __STACK_SIZE                    
20007938  __STACK_TOP                     
00001660  __TI_CINIT_Base                 
00001670  __TI_CINIT_Limit                
0000164c  __TI_Handler_Table_Base         
00001658  __TI_Handler_Table_Limit        
00001135  __TI_auto_init_nobinit_nopinit  
00000f5b  __TI_decompress_lzss            
000015dd  __TI_decompress_none            
ffffffff  __TI_pprof_out_hndl             
ffffffff  __TI_prof_data_size             
ffffffff  __TI_prof_data_start            
00000000  __TI_static_base__              
000015eb  __TI_zero_init                  
00000ee1  __aeabi_memclr                  
00000ee1  __aeabi_memclr4                 
00000ee1  __aeabi_memclr8                 
00000bad  __aeabi_memcpy                  
00000bad  __aeabi_memcpy4                 
00000bad  __aeabi_memcpy8                 
00000ee3  __aeabi_memset                  
00000ee3  __aeabi_memset4                 
00000ee3  __aeabi_memset8                 
ffffffff  __binit__                       
ffffffff  __c_args__                      
UNDEFED   __mpu_init                      
20007738  __stack                         
20000000  __start___llvm_prf_cnts         
20000000  __stop___llvm_prf_cnts          
00001275  _c_int00_noargs                 
UNDEFED   _system_post_cinit              
0000162b  _system_pre_init                
0000162f  abort                           
ffffffff  binit                           
0000156d  center                          
00001273  delayMs                         
0000160f  enable_global_interrupts        
00000000  g_pfnVectors                    
000015f7  gpio_init                       
00001603  init                            
0000157d  left                            
0000158d  left_2                          
00000d61  main                            
00000bad  memcpy                          
00000ee9  memset                          
000012a9  motors_move_forward             
000012d9  motors_move_left                
00001309  motors_move_right               
00001439  motors_move_stop                
000014b1  myUartHandler_DEBUG             
2000772c  porta_handler_value             
000009bd  pvPortMalloc                    
000007b1  pwm_init_motor_left             
00000a69  pwm_init_motor_right            
20007938  pxCurrentTCB                    
000013ed  pxPortInitialiseStack           
20007970  readings                        
000015ad  right                           
000015bd  right_2                         
20007730  sensor_value                    
00001369  set_duty_cycle                  
20007670  sw                              
20007968  task_compute_sensor_handler     
00000de1  task_computer_sensor            
00000629  task_run_motors_transmit        
2000796c  task_run_motors_transmit_handler
00001634  ulMaxSyscallInterruptPriority   
00000565  ulPortGetIPSR                   
00001459  uxListRemove                    
0000150f  vApplicationStackOverflowHook   
000014f9  vListInitialise                 
00001625  vListInitialiseItem             
000014c9  vListInsertEnd                  
00000619  vPortEnableVFP                  
00001495  vPortEnterCritical              
000014e1  vPortExitCritical               
00001179  vPortFree                       
000005dd  vPortSVCHandler                 
00001525  vPortSetupTimerInterrupt        
000005fd  vPortStartFirstTask             
00001025  vTaskStartScheduler             
00000861  vTaskSuspend                    
000015cd  vTaskSuspendAll                 
00000cd5  vTaskSwitchContext              
20007690  w                               
20007734  w_sum                           
0000057d  xPortPendSVHandler              
000011bd  xPortStartScheduler             
00001399  xPortSysTickHandler             
00000371  xTaskGenericCreate              
0000026d  xTaskIncrementTick              
00000471  xTaskResumeAll                  
00000e61  xTaskResumeFromISR              


GLOBAL SYMBOLS: SORTED BY Symbol Address 

address   name                            
-------   ----                            
00000000  __TI_static_base__              
00000000  g_pfnVectors                    
00000200  __STACK_SIZE                    
0000026d  xTaskIncrementTick              
00000371  xTaskGenericCreate              
00000471  xTaskResumeAll                  
00000565  ulPortGetIPSR                   
0000057d  xPortPendSVHandler              
000005dd  vPortSVCHandler                 
000005fd  vPortStartFirstTask             
00000619  vPortEnableVFP                  
00000629  task_run_motors_transmit        
000006f1  PORTA_CONFIG                    
000007b1  pwm_init_motor_left             
00000861  vTaskSuspend                    
00000911  UART_Init                       
000009bd  pvPortMalloc                    
00000a69  pwm_init_motor_right            
00000b0d  UART_Init_DEBUG                 
00000bad  __aeabi_memcpy                  
00000bad  __aeabi_memcpy4                 
00000bad  __aeabi_memcpy8                 
00000bad  memcpy                          
00000c49  PORTF_CONFIG                    
00000cd5  vTaskSwitchContext              
00000d61  main                            
00000de1  task_computer_sensor            
00000e61  xTaskResumeFromISR              
00000ee1  __aeabi_memclr                  
00000ee1  __aeabi_memclr4                 
00000ee1  __aeabi_memclr8                 
00000ee3  __aeabi_memset                  
00000ee3  __aeabi_memset4                 
00000ee3  __aeabi_memset8                 
00000ee9  memset                          
00000f5b  __TI_decompress_lzss            
00001025  vTaskStartScheduler             
00001135  __TI_auto_init_nobinit_nopinit  
00001179  vPortFree                       
000011bd  xPortStartScheduler             
000011fd  PORTA_handler                   
00001273  delayMs                         
00001275  _c_int00_noargs                 
000012a9  motors_move_forward             
000012d9  motors_move_left                
00001309  motors_move_right               
00001369  set_duty_cycle                  
00001399  xPortSysTickHandler             
000013ed  pxPortInitialiseStack           
00001439  motors_move_stop                
00001459  uxListRemove                    
00001479  PORTF_handler                   
00001495  vPortEnterCritical              
000014b1  myUartHandler_DEBUG             
000014c9  vListInsertEnd                  
000014e1  vPortExitCritical               
000014f9  vListInitialise                 
0000150f  vApplicationStackOverflowHook   
00001511  Uart2_Handler                   
00001525  vPortSetupTimerInterrupt        
0000154d  UART0_Transmitter_DEBUG         
0000155d  UART2_Transmitter               
0000156d  center                          
0000157d  left                            
0000158d  left_2                          
000015ad  right                           
000015bd  right_2                         
000015cd  vTaskSuspendAll                 
000015dd  __TI_decompress_none            
000015eb  __TI_zero_init                  
000015f7  gpio_init                       
00001603  init                            
0000160f  enable_global_interrupts        
0000161f  ResetISR                        
00001625  vListInitialiseItem             
0000162b  _system_pre_init                
0000162f  C$$EXIT                         
0000162f  abort                           
00001634  ulMaxSyscallInterruptPriority   
0000164c  __TI_Handler_Table_Base         
00001658  __TI_Handler_Table_Limit        
00001660  __TI_CINIT_Base                 
00001670  __TI_CINIT_Limit                
20000000  __start___llvm_prf_cnts         
20000000  __stop___llvm_prf_cnts          
20007670  sw                              
20007690  w                               
2000772c  porta_handler_value             
20007730  sensor_value                    
20007734  w_sum                           
20007738  __stack                         
20007938  __STACK_END                     
20007938  __STACK_TOP                     
20007938  pxCurrentTCB                    
20007968  task_compute_sensor_handler     
2000796c  task_run_motors_transmit_handler
20007970  readings                        
ffffffff  __TI_pprof_out_hndl             
ffffffff  __TI_prof_data_size             
ffffffff  __TI_prof_data_start            
ffffffff  __binit__                       
ffffffff  __c_args__                      
ffffffff  binit                           
UNDEFED   __mpu_init                      
UNDEFED   _system_post_cinit              

[105 symbols]
