******************************************************************************
                  TI ARM Linker PC v20.2.7                     
******************************************************************************
>> Linked Mon Apr 29 03:52:49 2024

OUTPUT FILE NAME:   <freertos_follower.out>
ENTRY POINT SYMBOL: "_c_int00_noargs"  address: 0000114d


MEMORY CONFIGURATION

         name            origin    length      used     unused   attr    fill
----------------------  --------  ---------  --------  --------  ----  --------
  FLASH                 00000000   00040000  000014c6  0003eb3a  R  X
  SRAM                  20000000   00008000  0000793d  000006c3  RW X


SEGMENT ALLOCATION MAP

run origin  load origin   length   init length attrs members
----------  ----------- ---------- ----------- ----- -------
00000000    00000000    000014c8   000014c8    r-x
  00000000    00000000    0000026c   0000026c    r-- .intvecs
  0000026c    0000026c    00001216   00001216    r-x .text
  00001484    00001484    00000004   00000004    r-- .const
  00001488    00001488    00000040   00000040    r-- .cinit
20000000    20000000    00007941   00000000    rw-
  20000000    20000000    000076ec   00000000    rw- .bss
  200076f0    200076f0    00000200   00000000    rw- .stack
  200078f0    200078f0    00000051   00000000    rw- .data


SECTION ALLOCATION MAP

 output                                  attributes/
section   page    origin      length       input sections
--------  ----  ----------  ----------   ----------------
.intvecs   0    00000000    0000026c     
                  00000000    0000026c     startup_ccs.obj (.intvecs)

.text      0    0000026c    00001216     
                  0000026c    00000104     tasks.obj (.text:xTaskIncrementTick)
                  00000370    00000100     tasks.obj (.text:xTaskGenericCreate)
                  00000470    000000e4     tasks.obj (.text:xTaskResumeAll)
                  00000554    000000d2     portasm.obj (.text)
                  00000626    00000002     startup_ccs.obj (.text:FaultISR)
                  00000628    000000c0     gpio.obj (.text:PORTA_CONFIG)
                  000006e8    000000b0     motor_pwm.obj (.text:pwm_init_motor_left)
                  00000798    000000b0     tasks.obj (.text:vTaskSuspend)
                  00000848    000000ac     uart.obj (.text:UART_Init)
                  000008f4    000000ac     heap_2.obj (.text:pvPortMalloc)
                  000009a0    000000a4     motor_pwm.obj (.text:pwm_init_motor_right)
                  00000a44    000000a0     uart_debug.obj (.text:UART_Init_DEBUG)
                  00000ae4    0000009c     rtsv7M4_T_le_v4SPD16_eabi.lib : memcpy_t2.asm.obj (.text)
                  00000b80    0000008c     gpio.obj (.text:PORTF_CONFIG)
                  00000c0c    0000008c     tasks.obj (.text:vTaskSwitchContext)
                  00000c98    00000080     tasks.obj (.text:xTaskResumeFromISR)
                  00000d18    0000007a     rtsv7M4_T_le_v4SPD16_eabi.lib : memset_t2.asm.obj (.text)
                  00000d92    00000068                                   : copy_decompress_lzss.c.obj (.text:decompress:lzss:__TI_decompress_lzss)
                  00000dfa    00000002     startup_ccs.obj (.text:IntDefaultHandler)
                  00000dfc    00000060     tasks.obj (.text:prvInitialiseTaskLists)
                  00000e5c    00000060     tasks.obj (.text:vTaskStartScheduler)
                  00000ebc    00000058     tasks.obj (.text:prvCheckTasksWaitingTermination)
                  00000f14    00000056     tasks.obj (.text:prvInitialiseTCBVariables)
                  00000f6a    00000002     startup_ccs.obj (.text:NmiSR)
                  00000f6c    00000054     main_freertos_follower.obj (.text:main)
                  00000fc0    00000050     main_freertos_follower.obj (.text:Uart2_Handler)
                  00001010    00000044     rtsv7M4_T_le_v4SPD16_eabi.lib : autoinit.c.obj (.text:__TI_auto_init_nobinit_nopinit:__TI_auto_init_nobinit_nopinit)
                  00001054    00000044     heap_2.obj (.text:vPortFree)
                  00001098    00000040     port.obj (.text:xPortStartScheduler)
                  000010d8    0000003a     tasks.obj (.text:prvAllocateTCBAndStack)
                  00001112    00000002     main_freertos_follower.obj (.text:delayMs)
                  00001114    00000038     main_freertos_follower.obj (.text:task_read_uart)
                  0000114c    00000034     rtsv7M4_T_le_v4SPD16_eabi.lib : boot_cortex_m.c.obj (.text:_c_int00_noargs:_c_int00_noargs)
                  00001180    00000030     motor_pwm.obj (.text:motors_move_forward)
                  000011b0    00000030     motor_pwm.obj (.text:motors_move_left)
                  000011e0    00000030     motor_pwm.obj (.text:motors_move_right)
                  00001210    00000030     heap_2.obj (.text:prvHeapInit)
                  00001240    00000030     motor_pwm.obj (.text:set_duty_cycle)
                  00001270    0000002c     port.obj (.text:xPortSysTickHandler)
                  0000129c    00000028     tasks.obj (.text:prvResetNextTaskUnblockTime)
                  000012c4    00000028     port.obj (.text:pxPortInitialiseStack)
                  000012ec    00000024     tasks.obj (.text:prvTaskIsTaskSuspended)
                  00001310    00000020     motor_pwm.obj (.text:motors_move_stop)
                  00001330    00000020     list.obj (.text:uxListRemove)
                  00001350    0000001c     gpio.obj (.text:PORTF_handler)
                  0000136c    0000001c     port.obj (.text:vPortEnterCritical)
                  00001388    00000018     list.obj (.text:vListInsertEnd)
                  000013a0    00000018     port.obj (.text:vPortExitCritical)
                  000013b8    00000016     list.obj (.text:vListInitialise)
                  000013ce    00000002     main_freertos_follower.obj (.text:vApplicationStackOverflowHook)
                  000013d0    00000014     main_freertos_follower.obj (.text:myUartHandler_DEBUG)
                  000013e4    00000014     port.obj (.text:vPortSetupTimerInterrupt)
                  000013f8    00000012     tasks.obj (.text:prvDeleteTCB)
                  0000140a    00000010     port.obj (.text:prvTaskExitError)
                  0000141a    00000002     --HOLE-- [fill = 0]
                  0000141c    00000010     tasks.obj (.text:vTaskSuspendAll)
                  0000142c    0000000e     rtsv7M4_T_le_v4SPD16_eabi.lib : copy_decompress_none.c.obj (.text:decompress:none:__TI_decompress_none)
                  0000143a    0000000c                                   : copy_zero_init.c.obj (.text:decompress:ZI:__TI_zero_init)
                  00001446    0000000c     gpio.obj (.text:gpio_init)
                  00001452    0000000c     main_freertos_follower.obj (.text:init)
                  0000145e    00000008     main_freertos_follower.obj (.text:enable_global_interrupts)
                  00001466    00000008     tasks.obj (.text:prvIdleTask)
                  0000146e    00000006     startup_ccs.obj (.text:ResetISR)
                  00001474    00000006     list.obj (.text:vListInitialiseItem)
                  0000147a    00000004     rtsv7M4_T_le_v4SPD16_eabi.lib : pre_init.c.obj (.text:_system_pre_init)
                  0000147e    00000004                                   : exit.c.obj (.text:abort:abort)

.const     0    00001484    00000004     
                  00001484    00000004     port.obj (.const)

.cinit     0    00001488    00000040     
                  00001488    00000016     (.cinit..data.load) [load image, compression = lzss]
                  0000149e    00000002     --HOLE-- [fill = 0]
                  000014a0    0000000c     (__TI_handler_table)
                  000014ac    00000004     --HOLE-- [fill = 0]
                  000014b0    00000008     (.cinit..bss.load) [load image, compression = zero_init]
                  000014b8    00000010     (__TI_cinit_table)

.init_array 
*          0    00000000    00000000     UNINITIALIZED

.bss       0    20000000    000076ec     UNINITIALIZED
                  20000000    00007530     heap_2.obj (.bss:ucHeap)
                  20007530    00000140     tasks.obj (.bss:pxReadyTasksLists)
                  20007670    00000014     tasks.obj (.bss:xDelayedTaskList1)
                  20007684    00000014     tasks.obj (.bss:xDelayedTaskList2)
                  20007698    00000014     tasks.obj (.bss:xPendingReadyList)
                  200076ac    00000014     tasks.obj (.bss:xSuspendedTaskList)
                  200076c0    00000014     tasks.obj (.bss:xTasksWaitingTermination)
                  200076d4    00000008     tasks.obj (.bss)
                  200076dc    00000008     heap_2.obj (.bss:xEnd)
                  200076e4    00000008     heap_2.obj (.bss:xStart)

.data      0    200078f0    00000051     UNINITIALIZED
                  200078f0    00000030     tasks.obj (.data)
                  20007920    00000014     main_freertos_follower.obj (.data)
                  20007934    00000008     heap_2.obj (.data)
                  2000793c    00000004     port.obj (.data)
                  20007940    00000001     gpio.obj (.data)

.stack     0    200076f0    00000200     UNINITIALIZED
                  200076f0    00000004     rtsv7M4_T_le_v4SPD16_eabi.lib : boot_cortex_m.c.obj (.stack)
                  200076f4    000001fc     --HOLE--

__llvm_prf_cnts 
*          0    20000000    00000000     UNINITIALIZED

MODULE SUMMARY

       Module                       code   ro data   rw data
       ------                       ----   -------   -------
    .\
       startup_ccs.obj              12     620       0      
       motor_pwm.obj                564    0         0      
       gpio.obj                     372    0         1      
       main_freertos_follower.obj   264    0         20     
       uart.obj                     172    0         0      
       uart_debug.obj               160    0         0      
    +--+----------------------------+------+---------+---------+
       Total:                       1544   620       21     
                                                            
    .\third_party\FreeRTOS\Source\
       tasks.obj                    1730   0         476    
       list.obj                     84     0         0      
    +--+----------------------------+------+---------+---------+
       Total:                       1814   0         476    
                                                            
    .\third_party\FreeRTOS\Source\portable\CCS\ARM_CM4F\
       port.obj                     236    4         4      
       portasm.obj                  210    0         0      
    +--+----------------------------+------+---------+---------+
       Total:                       446    4         4      
                                                            
    .\third_party\FreeRTOS\Source\portable\MemMang\
       heap_2.obj                   288    0         30024  
    +--+----------------------------+------+---------+---------+
       Total:                       288    0         30024  
                                                            
    C:\ti\ccs1220\ccs\tools\compiler\ti-cgt-arm_20.2.7.LTS\lib\rtsv7M4_T_le_v4SPD16_eabi.lib
       memcpy_t2.asm.obj            156    0         0      
       memset_t2.asm.obj            122    0         0      
       copy_decompress_lzss.c.obj   104    0         0      
       autoinit.c.obj               68     0         0      
       boot_cortex_m.c.obj          52     0         0      
       copy_decompress_none.c.obj   14     0         0      
       copy_zero_init.c.obj         12     0         0      
       exit.c.obj                   4      0         0      
       pre_init.c.obj               4      0         0      
    +--+----------------------------+------+---------+---------+
       Total:                       536    0         0      
                                                            
       Stack:                       0      0         512    
       Linker Generated:            0      58        0      
    +--+----------------------------+------+---------+---------+
       Grand Total:                 4628   682       31037  


LINKER GENERATED COPY TABLES

__TI_cinit_table @ 000014b8 records: 2, size/record: 8, table size: 16
	.data: load addr=00001488, load size=00000016 bytes, run addr=200078f0, run size=00000051 bytes, compression=lzss
	.bss: load addr=000014b0, load size=00000008 bytes, run addr=20000000, run size=000076ec bytes, compression=zero_init


LINKER GENERATED HANDLER TABLE

__TI_handler_table @ 000014a0 records: 3, size/record: 4, table size: 12
	index: 0, handler: __TI_decompress_lzss
	index: 1, handler: __TI_decompress_none
	index: 2, handler: __TI_zero_init


GLOBAL SYMBOLS: SORTED ALPHABETICALLY BY Name 

address   name                            
-------   ----                            
0000147f  C$$EXIT                         
00000629  PORTA_CONFIG                    
00000b81  PORTF_CONFIG                    
00001351  PORTF_handler                   
0000146f  ResetISR                        
00000849  UART_Init                       
00000a45  UART_Init_DEBUG                 
00000fc1  Uart2_Handler                   
200078f0  __STACK_END                     
00000200  __STACK_SIZE                    
200078f0  __STACK_TOP                     
000014b8  __TI_CINIT_Base                 
000014c8  __TI_CINIT_Limit                
000014a0  __TI_Handler_Table_Base         
000014ac  __TI_Handler_Table_Limit        
00001011  __TI_auto_init_nobinit_nopinit  
00000d93  __TI_decompress_lzss            
0000142d  __TI_decompress_none            
ffffffff  __TI_pprof_out_hndl             
ffffffff  __TI_prof_data_size             
ffffffff  __TI_prof_data_start            
00000000  __TI_static_base__              
0000143b  __TI_zero_init                  
00000d19  __aeabi_memclr                  
00000d19  __aeabi_memclr4                 
00000d19  __aeabi_memclr8                 
00000ae5  __aeabi_memcpy                  
00000ae5  __aeabi_memcpy4                 
00000ae5  __aeabi_memcpy8                 
00000d1b  __aeabi_memset                  
00000d1b  __aeabi_memset4                 
00000d1b  __aeabi_memset8                 
ffffffff  __binit__                       
ffffffff  __c_args__                      
UNDEFED   __mpu_init                      
200076f0  __stack                         
20000000  __start___llvm_prf_cnts         
20000000  __stop___llvm_prf_cnts          
0000114d  _c_int00_noargs                 
UNDEFED   _system_post_cinit              
0000147b  _system_pre_init                
0000147f  abort                           
ffffffff  binit                           
2000792c  c                               
00001113  delayMs                         
0000145f  enable_global_interrupts        
00000000  g_pfnVectors                    
00001447  gpio_init                       
00001453  init                            
00000f6d  main                            
00000ae5  memcpy                          
00000d21  memset                          
00001181  motors_move_forward             
000011b1  motors_move_left                
000011e1  motors_move_right               
00001311  motors_move_stop                
000013d1  myUartHandler_DEBUG             
000008f5  pvPortMalloc                    
000006e9  pwm_init_motor_left             
000009a1  pwm_init_motor_right            
200078f0  pxCurrentTCB                    
000012c5  pxPortInitialiseStack           
20007928  readings                        
00001241  set_duty_cycle                  
00001115  task_read_uart                  
20007920  task_read_uart_handler          
20007924  task_run_motors_transmit_handler
00001484  ulMaxSyscallInterruptPriority   
00000565  ulPortGetIPSR                   
00001331  uxListRemove                    
000013cf  vApplicationStackOverflowHook   
000013b9  vListInitialise                 
00001475  vListInitialiseItem             
00001389  vListInsertEnd                  
00000619  vPortEnableVFP                  
0000136d  vPortEnterCritical              
000013a1  vPortExitCritical               
00001055  vPortFree                       
000005dd  vPortSVCHandler                 
000013e5  vPortSetupTimerInterrupt        
000005fd  vPortStartFirstTask             
00000e5d  vTaskStartScheduler             
00000799  vTaskSuspend                    
0000141d  vTaskSuspendAll                 
00000c0d  vTaskSwitchContext              
20007930  value                           
0000057d  xPortPendSVHandler              
00001099  xPortStartScheduler             
00001271  xPortSysTickHandler             
00000371  xTaskGenericCreate              
0000026d  xTaskIncrementTick              
00000471  xTaskResumeAll                  
00000c99  xTaskResumeFromISR              


GLOBAL SYMBOLS: SORTED BY Symbol Address 

address   name                            
-------   ----                            
00000000  __TI_static_base__              
00000000  g_pfnVectors                    
00000200  __STACK_SIZE                    
0000026d  xTaskIncrementTick              
00000371  xTaskGenericCreate              
00000471  xTaskResumeAll                  
00000565  ulPortGetIPSR                   
0000057d  xPortPendSVHandler              
000005dd  vPortSVCHandler                 
000005fd  vPortStartFirstTask             
00000619  vPortEnableVFP                  
00000629  PORTA_CONFIG                    
000006e9  pwm_init_motor_left             
00000799  vTaskSuspend                    
00000849  UART_Init                       
000008f5  pvPortMalloc                    
000009a1  pwm_init_motor_right            
00000a45  UART_Init_DEBUG                 
00000ae5  __aeabi_memcpy                  
00000ae5  __aeabi_memcpy4                 
00000ae5  __aeabi_memcpy8                 
00000ae5  memcpy                          
00000b81  PORTF_CONFIG                    
00000c0d  vTaskSwitchContext              
00000c99  xTaskResumeFromISR              
00000d19  __aeabi_memclr                  
00000d19  __aeabi_memclr4                 
00000d19  __aeabi_memclr8                 
00000d1b  __aeabi_memset                  
00000d1b  __aeabi_memset4                 
00000d1b  __aeabi_memset8                 
00000d21  memset                          
00000d93  __TI_decompress_lzss            
00000e5d  vTaskStartScheduler             
00000f6d  main                            
00000fc1  Uart2_Handler                   
00001011  __TI_auto_init_nobinit_nopinit  
00001055  vPortFree                       
00001099  xPortStartScheduler             
00001113  delayMs                         
00001115  task_read_uart                  
0000114d  _c_int00_noargs                 
00001181  motors_move_forward             
000011b1  motors_move_left                
000011e1  motors_move_right               
00001241  set_duty_cycle                  
00001271  xPortSysTickHandler             
000012c5  pxPortInitialiseStack           
00001311  motors_move_stop                
00001331  uxListRemove                    
00001351  PORTF_handler                   
0000136d  vPortEnterCritical              
00001389  vListInsertEnd                  
000013a1  vPortExitCritical               
000013b9  vListInitialise                 
000013cf  vApplicationStackOverflowHook   
000013d1  myUartHandler_DEBUG             
000013e5  vPortSetupTimerInterrupt        
0000141d  vTaskSuspendAll                 
0000142d  __TI_decompress_none            
0000143b  __TI_zero_init                  
00001447  gpio_init                       
00001453  init                            
0000145f  enable_global_interrupts        
0000146f  ResetISR                        
00001475  vListInitialiseItem             
0000147b  _system_pre_init                
0000147f  C$$EXIT                         
0000147f  abort                           
00001484  ulMaxSyscallInterruptPriority   
000014a0  __TI_Handler_Table_Base         
000014ac  __TI_Handler_Table_Limit        
000014b8  __TI_CINIT_Base                 
000014c8  __TI_CINIT_Limit                
20000000  __start___llvm_prf_cnts         
20000000  __stop___llvm_prf_cnts          
200076f0  __stack                         
200078f0  __STACK_END                     
200078f0  __STACK_TOP                     
200078f0  pxCurrentTCB                    
20007920  task_read_uart_handler          
20007924  task_run_motors_transmit_handler
20007928  readings                        
2000792c  c                               
20007930  value                           
ffffffff  __TI_pprof_out_hndl             
ffffffff  __TI_prof_data_size             
ffffffff  __TI_prof_data_start            
ffffffff  __binit__                       
ffffffff  __c_args__                      
ffffffff  binit                           
UNDEFED   __mpu_init                      
UNDEFED   _system_post_cinit              

[93 symbols]
