<?xml version="1.0" encoding="ISO-8859-1" ?>
<link_info>
   <banner>TI ARM Linker PC v20.2.7.LTS</banner>
   <copyright>Copyright (c) 1996-2018 Texas Instruments Incorporated</copyright>
   <link_time>0x662e8fb3</link_time>
   <link_errors>0x0</link_errors>
   <output_file>freertos_demo.out</output_file>
   <entry_point>
      <name>_c_int00_noargs</name>
      <address>0x1cfd</address>
   </entry_point>
   <input_file_list>
      <input_file id="fl-2">
         <path>.\</path>
         <kind>object</kind>
         <file>freertos_demo.obj</file>
         <name>freertos_demo.obj</name>
      </input_file>
      <input_file id="fl-3">
         <path>.\</path>
         <kind>object</kind>
         <file>led_task.obj</file>
         <name>led_task.obj</name>
      </input_file>
      <input_file id="fl-4">
         <path>.\</path>
         <kind>object</kind>
         <file>startup_ccs.obj</file>
         <name>startup_ccs.obj</name>
      </input_file>
      <input_file id="fl-5">
         <path>.\</path>
         <kind>object</kind>
         <file>switch_task.obj</file>
         <name>switch_task.obj</name>
      </input_file>
      <input_file id="fl-6">
         <path>.\drivers\</path>
         <kind>object</kind>
         <file>buttons.obj</file>
         <name>buttons.obj</name>
      </input_file>
      <input_file id="fl-7">
         <path>.\drivers\</path>
         <kind>object</kind>
         <file>rgb.obj</file>
         <name>rgb.obj</name>
      </input_file>
      <input_file id="fl-8">
         <path>.\third_party\FreeRTOS\Source\</path>
         <kind>object</kind>
         <file>list.obj</file>
         <name>list.obj</name>
      </input_file>
      <input_file id="fl-9">
         <path>.\third_party\FreeRTOS\Source\</path>
         <kind>object</kind>
         <file>queue.obj</file>
         <name>queue.obj</name>
      </input_file>
      <input_file id="fl-a">
         <path>.\third_party\FreeRTOS\Source\</path>
         <kind>object</kind>
         <file>tasks.obj</file>
         <name>tasks.obj</name>
      </input_file>
      <input_file id="fl-b">
         <path>.\third_party\FreeRTOS\Source\portable\CCS\ARM_CM4F\</path>
         <kind>object</kind>
         <file>port.obj</file>
         <name>port.obj</name>
      </input_file>
      <input_file id="fl-c">
         <path>.\third_party\FreeRTOS\Source\portable\CCS\ARM_CM4F\</path>
         <kind>object</kind>
         <file>portasm.obj</file>
         <name>portasm.obj</name>
      </input_file>
      <input_file id="fl-d">
         <path>.\third_party\FreeRTOS\Source\portable\MemMang\</path>
         <kind>object</kind>
         <file>heap_2.obj</file>
         <name>heap_2.obj</name>
      </input_file>
      <input_file id="fl-e">
         <path>.\utils\</path>
         <kind>object</kind>
         <file>uartstdio.obj</file>
         <name>uartstdio.obj</name>
      </input_file>
      <input_file id="fl-f">
         <path>.\utils\</path>
         <kind>object</kind>
         <file>ustdlib.obj</file>
         <name>ustdlib.obj</name>
      </input_file>
      <input_file id="fl-14">
         <kind>object</kind>
         <file>&lt;internal&gt;</file>
         <name>&lt;internal&gt;</name>
      </input_file>
      <input_file id="fl-ca">
         <path>C:\ti\ccs1220\ccs\tools\compiler\ti-cgt-arm_20.2.7.LTS\lib\</path>
         <kind>archive</kind>
         <file>rtsv7M4_T_le_v4SPD16_eabi.lib</file>
         <name>fs_toull_t2.asm.obj</name>
      </input_file>
      <input_file id="fl-cb">
         <path>C:\ti\ccs1220\ccs\tools\compiler\ti-cgt-arm_20.2.7.LTS\lib\</path>
         <kind>archive</kind>
         <file>rtsv7M4_T_le_v4SPD16_eabi.lib</file>
         <name>memcpy_t2.asm.obj</name>
      </input_file>
      <input_file id="fl-cc">
         <path>C:\ti\ccs1220\ccs\tools\compiler\ti-cgt-arm_20.2.7.LTS\lib\</path>
         <kind>archive</kind>
         <file>rtsv7M4_T_le_v4SPD16_eabi.lib</file>
         <name>memset_t2.asm.obj</name>
      </input_file>
      <input_file id="fl-cd">
         <path>C:\ti\ccs1220\ccs\tools\compiler\ti-cgt-arm_20.2.7.LTS\lib\</path>
         <kind>archive</kind>
         <file>rtsv7M4_T_le_v4SPD16_eabi.lib</file>
         <name>u_divt2.asm.obj</name>
      </input_file>
      <input_file id="fl-ce">
         <path>C:\ti\ccs1220\ccs\tools\compiler\ti-cgt-arm_20.2.7.LTS\lib\</path>
         <kind>archive</kind>
         <file>rtsv7M4_T_le_v4SPD16_eabi.lib</file>
         <name>copy_zero_init.c.obj</name>
      </input_file>
      <input_file id="fl-cf">
         <path>C:\ti\ccs1220\ccs\tools\compiler\ti-cgt-arm_20.2.7.LTS\lib\</path>
         <kind>archive</kind>
         <file>rtsv7M4_T_le_v4SPD16_eabi.lib</file>
         <name>copy_decompress_none.c.obj</name>
      </input_file>
      <input_file id="fl-d0">
         <path>C:\ti\ccs1220\ccs\tools\compiler\ti-cgt-arm_20.2.7.LTS\lib\</path>
         <kind>archive</kind>
         <file>rtsv7M4_T_le_v4SPD16_eabi.lib</file>
         <name>copy_decompress_lzss.c.obj</name>
      </input_file>
      <input_file id="fl-d1">
         <path>C:\ti\ccs1220\ccs\tools\compiler\ti-cgt-arm_20.2.7.LTS\lib\</path>
         <kind>archive</kind>
         <file>rtsv7M4_T_le_v4SPD16_eabi.lib</file>
         <name>boot_cortex_m.c.obj</name>
      </input_file>
      <input_file id="fl-d2">
         <path>C:\ti\ccs1220\ccs\tools\compiler\ti-cgt-arm_20.2.7.LTS\lib\</path>
         <kind>archive</kind>
         <file>rtsv7M4_T_le_v4SPD16_eabi.lib</file>
         <name>div0.asm.obj</name>
      </input_file>
      <input_file id="fl-d3">
         <path>C:\ti\ccs1220\ccs\tools\compiler\ti-cgt-arm_20.2.7.LTS\lib\</path>
         <kind>archive</kind>
         <file>rtsv7M4_T_le_v4SPD16_eabi.lib</file>
         <name>autoinit.c.obj</name>
      </input_file>
      <input_file id="fl-d4">
         <path>C:\ti\ccs1220\ccs\tools\compiler\ti-cgt-arm_20.2.7.LTS\lib\</path>
         <kind>archive</kind>
         <file>rtsv7M4_T_le_v4SPD16_eabi.lib</file>
         <name>pre_init.c.obj</name>
      </input_file>
      <input_file id="fl-d5">
         <path>C:\ti\ccs1220\ccs\tools\compiler\ti-cgt-arm_20.2.7.LTS\lib\</path>
         <kind>archive</kind>
         <file>rtsv7M4_T_le_v4SPD16_eabi.lib</file>
         <name>cpy_tbl.c.obj</name>
      </input_file>
      <input_file id="fl-d6">
         <path>C:\ti\ccs1220\ccs\tools\compiler\ti-cgt-arm_20.2.7.LTS\lib\</path>
         <kind>archive</kind>
         <file>rtsv7M4_T_le_v4SPD16_eabi.lib</file>
         <name>exit.c.obj</name>
      </input_file>
      <input_file id="fl-d7">
         <path>C:\ti\ccs1220\ccs\tools\compiler\ti-cgt-arm_20.2.7.LTS\lib\</path>
         <kind>archive</kind>
         <file>rtsv7M4_T_le_v4SPD16_eabi.lib</file>
         <name>_lock.c.obj</name>
      </input_file>
      <input_file id="fl-d8">
         <path>C:\ti\ccs1220\ccs\tools\compiler\ti-cgt-arm_20.2.7.LTS\lib\</path>
         <kind>archive</kind>
         <file>rtsv7M4_T_le_v4SPD16_eabi.lib</file>
         <name>args_main.c.obj</name>
      </input_file>
      <input_file id="fl-d9">
         <path>C:\IISC\ESD\workspace\TivaWare_C_Series-2.2.0.295\driverlib\ccs\Debug\</path>
         <kind>archive</kind>
         <file>driverlib.lib</file>
         <name>sysctl.obj</name>
      </input_file>
      <input_file id="fl-da">
         <path>C:\IISC\ESD\workspace\TivaWare_C_Series-2.2.0.295\driverlib\ccs\Debug\</path>
         <kind>archive</kind>
         <file>driverlib.lib</file>
         <name>uart.obj</name>
      </input_file>
      <input_file id="fl-db">
         <path>C:\IISC\ESD\workspace\TivaWare_C_Series-2.2.0.295\driverlib\ccs\Debug\</path>
         <kind>archive</kind>
         <file>driverlib.lib</file>
         <name>cpu.obj</name>
      </input_file>
      <input_file id="fl-dc">
         <path>C:\IISC\ESD\workspace\TivaWare_C_Series-2.2.0.295\driverlib\ccs\Debug\</path>
         <kind>archive</kind>
         <file>driverlib.lib</file>
         <name>interrupt.obj</name>
      </input_file>
   </input_file_list>
   <object_component_list>
      <object_component id="oc-12">
         <name>.intvecs</name>
         <load_address>0x0</load_address>
         <run_address>0x0</run_address>
         <size>0x26c</size>
         <input_file_ref idref="fl-4"/>
      </object_component>
      <object_component id="oc-1d0">
         <name>.text:UARTvprintf</name>
         <load_address>0x26c</load_address>
         <run_address>0x26c</run_address>
         <size>0x1ee</size>
         <input_file_ref idref="fl-e"/>
      </object_component>
      <object_component id="oc-33">
         <name>.text:FaultISR</name>
         <load_address>0x45a</load_address>
         <run_address>0x45a</run_address>
         <size>0x2</size>
         <input_file_ref idref="fl-4"/>
      </object_component>
      <object_component id="oc-219">
         <name>.text:LEDTask</name>
         <load_address>0x45c</load_address>
         <run_address>0x45c</run_address>
         <size>0x11c</size>
         <input_file_ref idref="fl-3"/>
      </object_component>
      <object_component id="oc-316">
         <name>.text:xQueueGenericReceive</name>
         <load_address>0x578</load_address>
         <run_address>0x578</run_address>
         <size>0x118</size>
         <input_file_ref idref="fl-9"/>
      </object_component>
      <object_component id="oc-1f2">
         <name>.text:RGBInit</name>
         <load_address>0x690</load_address>
         <run_address>0x690</run_address>
         <size>0x104</size>
         <input_file_ref idref="fl-7"/>
      </object_component>
      <object_component id="oc-9b">
         <name>.text:xTaskIncrementTick</name>
         <load_address>0x794</load_address>
         <run_address>0x794</run_address>
         <size>0x104</size>
         <input_file_ref idref="fl-a"/>
      </object_component>
      <object_component id="oc-20a">
         <name>.text:xTaskGenericCreate</name>
         <load_address>0x898</load_address>
         <run_address>0x898</run_address>
         <size>0x100</size>
         <input_file_ref idref="fl-a"/>
      </object_component>
      <object_component id="oc-226">
         <name>.text:SwitchTask</name>
         <load_address>0x998</load_address>
         <run_address>0x998</run_address>
         <size>0xfc</size>
         <input_file_ref idref="fl-5"/>
      </object_component>
      <object_component id="oc-1e9">
         <name>.text:xQueueGenericSend</name>
         <load_address>0xa94</load_address>
         <run_address>0xa94</run_address>
         <size>0xe8</size>
         <input_file_ref idref="fl-9"/>
      </object_component>
      <object_component id="oc-28a">
         <name>.text:xTaskResumeAll</name>
         <load_address>0xb7c</load_address>
         <run_address>0xb7c</run_address>
         <size>0xe4</size>
         <input_file_ref idref="fl-a"/>
      </object_component>
      <object_component id="oc-3f">
         <name>.text</name>
         <load_address>0xc60</load_address>
         <run_address>0xc60</run_address>
         <size>0xd2</size>
         <input_file_ref idref="fl-c"/>
      </object_component>
      <object_component id="oc-39">
         <name>.text:IntDefaultHandler</name>
         <load_address>0xd32</load_address>
         <run_address>0xd32</run_address>
         <size>0x2</size>
         <input_file_ref idref="fl-4"/>
      </object_component>
      <object_component id="oc-135">
         <name>.text:LEDTaskInit</name>
         <load_address>0xd34</load_address>
         <run_address>0xd34</run_address>
         <size>0xc8</size>
         <input_file_ref idref="fl-3"/>
      </object_component>
      <object_component id="oc-2da">
         <name>.text:RGBEnable</name>
         <load_address>0xdfc</load_address>
         <run_address>0xdfc</run_address>
         <size>0xc0</size>
         <input_file_ref idref="fl-7"/>
      </object_component>
      <object_component id="oc-1dd">
         <name>.text:pvPortMalloc</name>
         <load_address>0xebc</load_address>
         <run_address>0xebc</run_address>
         <size>0xac</size>
         <input_file_ref idref="fl-d"/>
      </object_component>
      <object_component id="oc-58">
         <name>.text</name>
         <load_address>0xf68</load_address>
         <run_address>0xf68</run_address>
         <size>0x9c</size>
         <input_file_ref idref="fl-cb"/>
      </object_component>
      <object_component id="oc-1fe">
         <name>.text:RGBColorSet</name>
         <load_address>0x1004</load_address>
         <run_address>0x1004</run_address>
         <size>0x90</size>
         <input_file_ref idref="fl-7"/>
      </object_component>
      <object_component id="oc-3e5">
         <name>.text:vTaskPriorityInherit</name>
         <load_address>0x1094</load_address>
         <run_address>0x1094</run_address>
         <size>0x90</size>
         <input_file_ref idref="fl-a"/>
      </object_component>
      <object_component id="oc-94">
         <name>.text:vTaskSwitchContext</name>
         <load_address>0x1124</load_address>
         <run_address>0x1124</run_address>
         <size>0x8c</size>
         <input_file_ref idref="fl-a"/>
      </object_component>
      <object_component id="oc-330">
         <name>.text:ButtonsPoll</name>
         <load_address>0x11b0</load_address>
         <run_address>0x11b0</run_address>
         <size>0x88</size>
         <input_file_ref idref="fl-6"/>
      </object_component>
      <object_component id="oc-31c">
         <name>.text:vTaskDelayUntil</name>
         <load_address>0x1238</load_address>
         <run_address>0x1238</run_address>
         <size>0x84</size>
         <input_file_ref idref="fl-a"/>
      </object_component>
      <object_component id="oc-2ea">
         <name>.text:xQueueGenericReset</name>
         <load_address>0x12bc</load_address>
         <run_address>0x12bc</run_address>
         <size>0x84</size>
         <input_file_ref idref="fl-9"/>
      </object_component>
      <object_component id="oc-c3">
         <name>.text</name>
         <load_address>0x1340</load_address>
         <run_address>0x1340</run_address>
         <size>0x7a</size>
         <input_file_ref idref="fl-cc"/>
      </object_component>
      <object_component id="oc-2d">
         <name>.text:NmiSR</name>
         <load_address>0x13ba</load_address>
         <run_address>0x13ba</run_address>
         <size>0x2</size>
         <input_file_ref idref="fl-4"/>
      </object_component>
      <object_component id="oc-3af">
         <name>.text:xTaskPriorityDisinherit</name>
         <load_address>0x13bc</load_address>
         <run_address>0x13bc</run_address>
         <size>0x78</size>
         <input_file_ref idref="fl-a"/>
      </object_component>
      <object_component id="oc-cf">
         <name>.text:main</name>
         <load_address>0x1434</load_address>
         <run_address>0x1434</run_address>
         <size>0x74</size>
         <input_file_ref idref="fl-2"/>
      </object_component>
      <object_component id="oc-2cc">
         <name>.text:xTaskRemoveFromEventList</name>
         <load_address>0x14a8</load_address>
         <run_address>0x14a8</run_address>
         <size>0x74</size>
         <input_file_ref idref="fl-a"/>
      </object_component>
      <object_component id="oc-2c6">
         <name>.text:prvCopyDataToQueue</name>
         <load_address>0x151c</load_address>
         <run_address>0x151c</run_address>
         <size>0x72</size>
         <input_file_ref idref="fl-9"/>
      </object_component>
      <object_component id="oc-377">
         <name>.text</name>
         <load_address>0x158e</load_address>
         <run_address>0x158e</run_address>
         <size>0x2</size>
         <input_file_ref idref="fl-d2"/>
      </object_component>
      <object_component id="oc-220">
         <name>.text:ButtonsInit</name>
         <load_address>0x1590</load_address>
         <run_address>0x1590</run_address>
         <size>0x68</size>
         <input_file_ref idref="fl-6"/>
      </object_component>
      <object_component id="oc-322">
         <name>.text:RGBDisable</name>
         <load_address>0x15f8</load_address>
         <run_address>0x15f8</run_address>
         <size>0x68</size>
         <input_file_ref idref="fl-7"/>
      </object_component>
      <object_component id="oc-15">
         <name>.text:decompress:lzss:__TI_decompress_lzss</name>
         <load_address>0x1660</load_address>
         <run_address>0x1660</run_address>
         <size>0x68</size>
         <input_file_ref idref="fl-d0"/>
      </object_component>
      <object_component id="oc-123">
         <name>.text:ConfigureUART</name>
         <load_address>0x16c8</load_address>
         <run_address>0x16c8</run_address>
         <size>0x64</size>
         <input_file_ref idref="fl-2"/>
      </object_component>
      <object_component id="oc-2c0">
         <name>.text:vTaskPlaceOnEventList</name>
         <load_address>0x172c</load_address>
         <run_address>0x172c</run_address>
         <size>0x64</size>
         <input_file_ref idref="fl-a"/>
      </object_component>
      <object_component id="oc-2b4">
         <name>.text:prvUnlockQueue</name>
         <load_address>0x1790</load_address>
         <run_address>0x1790</run_address>
         <size>0x62</size>
         <input_file_ref idref="fl-9"/>
      </object_component>
      <object_component id="oc-ec">
         <name>.text:vApplicationStackOverflowHook</name>
         <load_address>0x17f2</load_address>
         <run_address>0x17f2</run_address>
         <size>0x2</size>
         <input_file_ref idref="fl-2"/>
      </object_component>
      <object_component id="oc-1c9">
         <name>.text:UARTStdioConfig</name>
         <load_address>0x17f4</load_address>
         <run_address>0x17f4</run_address>
         <size>0x60</size>
         <input_file_ref idref="fl-e"/>
      </object_component>
      <object_component id="oc-303">
         <name>.text:prvInitialiseTaskLists</name>
         <load_address>0x1854</load_address>
         <run_address>0x1854</run_address>
         <size>0x60</size>
         <input_file_ref idref="fl-a"/>
      </object_component>
      <object_component id="oc-141">
         <name>.text:vTaskStartScheduler</name>
         <load_address>0x18b4</load_address>
         <run_address>0x18b4</run_address>
         <size>0x60</size>
         <input_file_ref idref="fl-a"/>
      </object_component>
      <object_component id="oc-33f">
         <name>.text:prvCheckTasksWaitingTermination</name>
         <load_address>0x1914</load_address>
         <run_address>0x1914</run_address>
         <size>0x58</size>
         <input_file_ref idref="fl-a"/>
      </object_component>
      <object_component id="oc-2f7">
         <name>.text:prvInitialiseTCBVariables</name>
         <load_address>0x196c</load_address>
         <run_address>0x196c</run_address>
         <size>0x56</size>
         <input_file_ref idref="fl-a"/>
      </object_component>
      <object_component id="oc-2ae">
         <name>.text:xTaskCheckForTimeOut</name>
         <load_address>0x19c4</load_address>
         <run_address>0x19c4</run_address>
         <size>0x54</size>
         <input_file_ref idref="fl-a"/>
      </object_component>
      <object_component id="oc-12f">
         <name>.text:xQueueCreateMutex</name>
         <load_address>0x1a18</load_address>
         <run_address>0x1a18</run_address>
         <size>0x4e</size>
         <input_file_ref idref="fl-9"/>
      </object_component>
      <object_component id="oc-3a5">
         <name>.text:prvAddCurrentTaskToDelayedList</name>
         <load_address>0x1a68</load_address>
         <run_address>0x1a68</run_address>
         <size>0x4c</size>
         <input_file_ref idref="fl-a"/>
      </object_component>
      <object_component id="oc-13b">
         <name>.text:SwitchTaskInit</name>
         <load_address>0x1ab4</load_address>
         <run_address>0x1ab4</run_address>
         <size>0x48</size>
         <input_file_ref idref="fl-5"/>
      </object_component>
      <object_component id="oc-270">
         <name>.text:UARTwrite</name>
         <load_address>0x1afc</load_address>
         <run_address>0x1afc</run_address>
         <size>0x48</size>
         <input_file_ref idref="fl-e"/>
      </object_component>
      <object_component id="oc-155">
         <name>.text:__TI_auto_init_nobinit_nopinit:__TI_auto_init_nobinit_nopinit</name>
         <load_address>0x1b44</load_address>
         <run_address>0x1b44</run_address>
         <size>0x44</size>
         <input_file_ref idref="fl-d3"/>
      </object_component>
      <object_component id="oc-3bf">
         <name>.text:vPortFree</name>
         <load_address>0x1b88</load_address>
         <run_address>0x1b88</run_address>
         <size>0x44</size>
         <input_file_ref idref="fl-d"/>
      </object_component>
      <object_component id="oc-276">
         <name>.text</name>
         <load_address>0x1bcc</load_address>
         <run_address>0x1bcc</run_address>
         <size>0x40</size>
         <input_file_ref idref="fl-cd"/>
      </object_component>
      <object_component id="oc-22d">
         <name>.text:xPortStartScheduler</name>
         <load_address>0x1c0c</load_address>
         <run_address>0x1c0c</run_address>
         <size>0x40</size>
         <input_file_ref idref="fl-b"/>
      </object_component>
      <object_component id="oc-204">
         <name>.text:xQueueGenericCreate</name>
         <load_address>0x1c4c</load_address>
         <run_address>0x1c4c</run_address>
         <size>0x3c</size>
         <input_file_ref idref="fl-9"/>
      </object_component>
      <object_component id="oc-2f1">
         <name>.text:prvAllocateTCBAndStack</name>
         <load_address>0x1c88</load_address>
         <run_address>0x1c88</run_address>
         <size>0x3a</size>
         <input_file_ref idref="fl-a"/>
      </object_component>
      <object_component id="oc-39f">
         <name>.text:vListInsert</name>
         <load_address>0x1cc2</load_address>
         <run_address>0x1cc2</run_address>
         <size>0x38</size>
         <input_file_ref idref="fl-8"/>
      </object_component>
      <object_component id="oc-76">
         <name>.text:_c_int00_noargs:_c_int00_noargs</name>
         <load_address>0x1cfc</load_address>
         <run_address>0x1cfc</run_address>
         <size>0x34</size>
         <input_file_ref idref="fl-d1"/>
      </object_component>
      <object_component id="oc-284">
         <name>.text:prvHeapInit</name>
         <load_address>0x1d30</load_address>
         <run_address>0x1d30</run_address>
         <size>0x30</size>
         <input_file_ref idref="fl-d"/>
      </object_component>
      <object_component id="oc-44">
         <name>.text:xPortSysTickHandler</name>
         <load_address>0x1d60</load_address>
         <run_address>0x1d60</run_address>
         <size>0x2c</size>
         <input_file_ref idref="fl-b"/>
      </object_component>
      <object_component id="oc-f6">
         <name>.text:prvResetNextTaskUnblockTime</name>
         <load_address>0x1d8c</load_address>
         <run_address>0x1d8c</run_address>
         <size>0x28</size>
         <input_file_ref idref="fl-a"/>
      </object_component>
      <object_component id="oc-2fd">
         <name>.text:pxPortInitialiseStack</name>
         <load_address>0x1db4</load_address>
         <run_address>0x1db4</run_address>
         <size>0x28</size>
         <input_file_ref idref="fl-b"/>
      </object_component>
      <object_component id="oc-3eb">
         <name>.text:prvCopyDataFromQueue</name>
         <load_address>0x1ddc</load_address>
         <run_address>0x1ddc</run_address>
         <size>0x26</size>
         <input_file_ref idref="fl-9"/>
      </object_component>
      <object_component id="oc-fc">
         <name>.text:uxListRemove</name>
         <load_address>0x1e02</load_address>
         <run_address>0x1e02</run_address>
         <size>0x20</size>
         <input_file_ref idref="fl-8"/>
      </object_component>
      <object_component id="oc-2ba">
         <name>.text:prvIsQueueFull</name>
         <load_address>0x1e22</load_address>
         <run_address>0x1e22</run_address>
         <size>0x1c</size>
         <input_file_ref idref="fl-9"/>
      </object_component>
      <object_component id="oc-2a8">
         <name>.text:vPortEnterCritical</name>
         <load_address>0x1e40</load_address>
         <run_address>0x1e40</run_address>
         <size>0x1c</size>
         <input_file_ref idref="fl-b"/>
      </object_component>
      <object_component id="oc-129">
         <name>.text:UARTprintf</name>
         <load_address>0x1e5c</load_address>
         <run_address>0x1e5c</run_address>
         <size>0x1a</size>
         <input_file_ref idref="fl-e"/>
      </object_component>
      <object_component id="oc-3df">
         <name>.text:prvIsQueueEmpty</name>
         <load_address>0x1e76</load_address>
         <run_address>0x1e76</run_address>
         <size>0x1a</size>
         <input_file_ref idref="fl-9"/>
      </object_component>
      <object_component id="oc-3f1">
         <name>.text:pvTaskIncrementMutexHeldCount</name>
         <load_address>0x1e90</load_address>
         <run_address>0x1e90</run_address>
         <size>0x18</size>
         <input_file_ref idref="fl-a"/>
      </object_component>
      <object_component id="oc-102">
         <name>.text:vListInsertEnd</name>
         <load_address>0x1ea8</load_address>
         <run_address>0x1ea8</run_address>
         <size>0x18</size>
         <input_file_ref idref="fl-8"/>
      </object_component>
      <object_component id="oc-2a2">
         <name>.text:vPortExitCritical</name>
         <load_address>0x1ec0</load_address>
         <run_address>0x1ec0</run_address>
         <size>0x18</size>
         <input_file_ref idref="fl-b"/>
      </object_component>
      <object_component id="oc-29c">
         <name>.text:vTaskSetTimeOutState</name>
         <load_address>0x1ed8</load_address>
         <run_address>0x1ed8</run_address>
         <size>0x18</size>
         <input_file_ref idref="fl-a"/>
      </object_component>
      <object_component id="oc-1e3">
         <name>.text:vListInitialise</name>
         <load_address>0x1ef0</load_address>
         <run_address>0x1ef0</run_address>
         <size>0x16</size>
         <input_file_ref idref="fl-8"/>
      </object_component>
      <object_component id="oc-1f8">
         <name>.text:RGBIntensitySet</name>
         <load_address>0x1f08</load_address>
         <run_address>0x1f08</run_address>
         <size>0x14</size>
         <input_file_ref idref="fl-7"/>
      </object_component>
      <object_component id="oc-335">
         <name>.text:vPortSetupTimerInterrupt</name>
         <load_address>0x1f1c</load_address>
         <run_address>0x1f1c</run_address>
         <size>0x14</size>
         <input_file_ref idref="fl-b"/>
      </object_component>
      <object_component id="oc-403">
         <name>.text:prvDeleteTCB</name>
         <load_address>0x1f30</load_address>
         <run_address>0x1f30</run_address>
         <size>0x12</size>
         <input_file_ref idref="fl-a"/>
      </object_component>
      <object_component id="oc-3cd">
         <name>.text:prvTaskExitError</name>
         <load_address>0x1f42</load_address>
         <run_address>0x1f42</run_address>
         <size>0x10</size>
         <input_file_ref idref="fl-b"/>
      </object_component>
      <object_component id="oc-27e">
         <name>.text:vTaskSuspendAll</name>
         <load_address>0x1f54</load_address>
         <run_address>0x1f54</run_address>
         <size>0x10</size>
         <input_file_ref idref="fl-a"/>
      </object_component>
      <object_component id="oc-1b">
         <name>.text:decompress:none:__TI_decompress_none</name>
         <load_address>0x1f64</load_address>
         <run_address>0x1f64</run_address>
         <size>0xe</size>
         <input_file_ref idref="fl-cf"/>
      </object_component>
      <object_component id="oc-6a">
         <name>.text:decompress:ZI:__TI_zero_init</name>
         <load_address>0x1f72</load_address>
         <run_address>0x1f72</run_address>
         <size>0xc</size>
         <input_file_ref idref="fl-ce"/>
      </object_component>
      <object_component id="oc-397">
         <name>.text:vTaskMissedYield</name>
         <load_address>0x1f80</load_address>
         <run_address>0x1f80</run_address>
         <size>0xc</size>
         <input_file_ref idref="fl-a"/>
      </object_component>
      <object_component id="oc-310">
         <name>.text:xTaskGetTickCount</name>
         <load_address>0x1f8c</load_address>
         <run_address>0x1f8c</run_address>
         <size>0xc</size>
         <input_file_ref idref="fl-a"/>
      </object_component>
      <object_component id="oc-233">
         <name>.text:prvIdleTask</name>
         <load_address>0x1f98</load_address>
         <run_address>0x1f98</run_address>
         <size>0x8</size>
         <input_file_ref idref="fl-a"/>
      </object_component>
      <object_component id="oc-27">
         <name>.text:ResetISR</name>
         <load_address>0x1fa0</load_address>
         <run_address>0x1fa0</run_address>
         <size>0x6</size>
         <input_file_ref idref="fl-4"/>
      </object_component>
      <object_component id="oc-1c3">
         <name>.text:UARTClockSourceSet</name>
         <load_address>0x1fa6</load_address>
         <run_address>0x1fa6</run_address>
         <size>0x6</size>
         <input_file_ref idref="fl-da"/>
      </object_component>
      <object_component id="oc-3c6">
         <name>.text:vListInitialiseItem</name>
         <load_address>0x1fac</load_address>
         <run_address>0x1fac</run_address>
         <size>0x6</size>
         <input_file_ref idref="fl-8"/>
      </object_component>
      <object_component id="oc-c9">
         <name>.text:_system_pre_init</name>
         <load_address>0x1fb2</load_address>
         <run_address>0x1fb2</run_address>
         <size>0x4</size>
         <input_file_ref idref="fl-d4"/>
      </object_component>
      <object_component id="oc-149">
         <name>.text:abort:abort</name>
         <load_address>0x1fb6</load_address>
         <run_address>0x1fb6</run_address>
         <size>0x4</size>
         <input_file_ref idref="fl-d6"/>
      </object_component>
      <object_component id="oc-266">
         <name>.const:g_ui32UARTBase</name>
         <load_address>0x1fbc</load_address>
         <run_address>0x1fbc</run_address>
         <size>0xc</size>
         <input_file_ref idref="fl-e"/>
      </object_component>
      <object_component id="oc-263">
         <name>.const:g_ui32UARTPeriph</name>
         <load_address>0x1fc8</load_address>
         <run_address>0x1fc8</run_address>
         <size>0xc</size>
         <input_file_ref idref="fl-e"/>
      </object_component>
      <object_component id="oc-91">
         <name>.const</name>
         <load_address>0x1fd4</load_address>
         <run_address>0x1fd4</run_address>
         <size>0x4</size>
         <input_file_ref idref="fl-b"/>
      </object_component>
      <object_component id="oc-45f">
         <name>.cinit..data.load</name>
         <load_address>0x1fd8</load_address>
         <run_address>0x1fd8</run_address>
         <size>0x17</size>
      </object_component>
      <object_component id="oc-45d">
         <name>__TI_handler_table</name>
         <load_address>0x1ff0</load_address>
         <run_address>0x1ff0</run_address>
         <size>0xc</size>
      </object_component>
      <object_component id="oc-460">
         <name>.cinit..bss.load</name>
         <load_address>0x2000</load_address>
         <run_address>0x2000</run_address>
         <size>0x8</size>
      </object_component>
      <object_component id="oc-45e">
         <name>__TI_cinit_table</name>
         <load_address>0x2008</load_address>
         <run_address>0x2008</run_address>
         <size>0x10</size>
      </object_component>
      <object_component id="oc-213">
         <name>.data:g_pui32Colors</name>
         <load_address>0x20007938</load_address>
         <run_address>0x20007938</run_address>
         <size>0xc</size>
         <input_file_ref idref="fl-3"/>
      </object_component>
      <object_component id="oc-329">
         <name>.data</name>
         <load_address>0x20007951</load_address>
         <run_address>0x20007951</run_address>
         <size>0x3</size>
         <input_file_ref idref="fl-6"/>
      </object_component>
      <object_component id="oc-2e2">
         <name>.data</name>
         <load_address>0x20007958</load_address>
         <run_address>0x20007958</run_address>
         <size>0x4</size>
         <input_file_ref idref="fl-7"/>
      </object_component>
      <object_component id="oc-8e">
         <name>.data</name>
         <load_address>0x20007908</load_address>
         <run_address>0x20007908</run_address>
         <size>0x30</size>
         <input_file_ref idref="fl-a"/>
      </object_component>
      <object_component id="oc-33b">
         <name>.data</name>
         <load_address>0x20007954</load_address>
         <run_address>0x20007954</run_address>
         <size>0x4</size>
         <input_file_ref idref="fl-b"/>
      </object_component>
      <object_component id="oc-290">
         <name>.data</name>
         <load_address>0x20007944</load_address>
         <run_address>0x20007944</run_address>
         <size>0x8</size>
         <input_file_ref idref="fl-d"/>
      </object_component>
      <object_component id="oc-269">
         <name>.data</name>
         <load_address>0x2000794c</load_address>
         <run_address>0x2000794c</run_address>
         <size>0x5</size>
         <input_file_ref idref="fl-e"/>
      </object_component>
      <object_component id="oc-210">
         <name>.bss</name>
         <uninitialized>true</uninitialized>
         <run_address>0x20007700</run_address>
         <size>0x1</size>
         <input_file_ref idref="fl-3"/>
      </object_component>
      <object_component id="oc-2e5">
         <name>.bss:g_ui32Colors</name>
         <uninitialized>true</uninitialized>
         <run_address>0x200076d4</run_address>
         <size>0xc</size>
         <input_file_ref idref="fl-7"/>
      </object_component>
      <object_component id="oc-f2">
         <name>.bss:pxReadyTasksLists</name>
         <uninitialized>true</uninitialized>
         <run_address>0x20007530</run_address>
         <size>0x140</size>
         <input_file_ref idref="fl-a"/>
      </object_component>
      <object_component id="oc-3d4">
         <name>.bss:xDelayedTaskList1</name>
         <uninitialized>true</uninitialized>
         <run_address>0x20007670</run_address>
         <size>0x14</size>
         <input_file_ref idref="fl-a"/>
      </object_component>
      <object_component id="oc-3d7">
         <name>.bss:xDelayedTaskList2</name>
         <uninitialized>true</uninitialized>
         <run_address>0x20007684</run_address>
         <size>0x14</size>
         <input_file_ref idref="fl-a"/>
      </object_component>
      <object_component id="oc-108">
         <name>.bss</name>
         <uninitialized>true</uninitialized>
         <run_address>0x200076e0</run_address>
         <size>0x8</size>
         <input_file_ref idref="fl-a"/>
      </object_component>
      <object_component id="oc-382">
         <name>.bss:xPendingReadyList</name>
         <uninitialized>true</uninitialized>
         <run_address>0x20007698</run_address>
         <size>0x14</size>
         <input_file_ref idref="fl-a"/>
      </object_component>
      <object_component id="oc-3da">
         <name>.bss:xTasksWaitingTermination</name>
         <uninitialized>true</uninitialized>
         <run_address>0x200076c0</run_address>
         <size>0x14</size>
         <input_file_ref idref="fl-a"/>
      </object_component>
      <object_component id="oc-3ab">
         <name>.bss:xSuspendedTaskList</name>
         <uninitialized>true</uninitialized>
         <run_address>0x200076ac</run_address>
         <size>0x14</size>
         <input_file_ref idref="fl-a"/>
      </object_component>
      <object_component id="oc-37e">
         <name>.bss:ucHeap</name>
         <uninitialized>true</uninitialized>
         <run_address>0x20000000</run_address>
         <size>0x7530</size>
         <input_file_ref idref="fl-d"/>
      </object_component>
      <object_component id="oc-293">
         <name>.bss:xStart</name>
         <uninitialized>true</uninitialized>
         <run_address>0x200076f0</run_address>
         <size>0x8</size>
         <input_file_ref idref="fl-d"/>
      </object_component>
      <object_component id="oc-296">
         <name>.bss:xEnd</name>
         <uninitialized>true</uninitialized>
         <run_address>0x200076e8</run_address>
         <size>0x8</size>
         <input_file_ref idref="fl-d"/>
      </object_component>
      <object_component id="oc-147">
         <name>.common:g_pUARTSemaphore</name>
         <uninitialized>true</uninitialized>
         <run_address>0x200076fc</run_address>
         <size>0x4</size>
      </object_component>
      <object_component id="oc-216">
         <name>.common:g_pLEDQueue</name>
         <uninitialized>true</uninitialized>
         <run_address>0x200076f8</run_address>
         <size>0x4</size>
      </object_component>
      <object_component id="oc-24">
         <name>.stack</name>
         <uninitialized>true</uninitialized>
         <run_address>0x20007708</run_address>
         <size>0x4</size>
         <input_file_ref idref="fl-d1"/>
      </object_component>
      <object_component id="oc-462">
         <name>.stack</name>
         <uninitialized>true</uninitialized>
         <run_address>0x20007708</run_address>
         <size>0x0</size>
      </object_component>
      <object_component id="oc-111">
         <name>.debug_info</name>
         <load_address>0x0</load_address>
         <run_address>0x0</run_address>
         <size>0x44b</size>
         <input_file_ref idref="fl-2"/>
      </object_component>
      <object_component id="oc-ee">
         <name>.debug_info</name>
         <load_address>0x44b</load_address>
         <run_address>0x44b</run_address>
         <size>0x164</size>
         <input_file_ref idref="fl-2"/>
      </object_component>
      <object_component id="oc-125">
         <name>.debug_info</name>
         <load_address>0x5af</load_address>
         <run_address>0x5af</run_address>
         <size>0x16a</size>
         <input_file_ref idref="fl-2"/>
      </object_component>
      <object_component id="oc-d1">
         <name>.debug_info</name>
         <load_address>0x719</load_address>
         <run_address>0x719</run_address>
         <size>0x189</size>
         <input_file_ref idref="fl-2"/>
      </object_component>
      <object_component id="oc-18e">
         <name>.debug_info</name>
         <load_address>0x8a2</load_address>
         <run_address>0x8a2</run_address>
         <size>0x2ef</size>
         <input_file_ref idref="fl-2"/>
      </object_component>
      <object_component id="oc-a4">
         <name>.debug_info</name>
         <load_address>0xb91</load_address>
         <run_address>0xb91</run_address>
         <size>0x26b</size>
         <input_file_ref idref="fl-2"/>
      </object_component>
      <object_component id="oc-53">
         <name>.debug_info</name>
         <load_address>0xdfc</load_address>
         <run_address>0xdfc</run_address>
         <size>0x84</size>
         <input_file_ref idref="fl-2"/>
      </object_component>
      <object_component id="oc-1be">
         <name>.debug_info</name>
         <load_address>0xe80</load_address>
         <run_address>0xe80</run_address>
         <size>0x46</size>
         <input_file_ref idref="fl-2"/>
      </object_component>
      <object_component id="oc-1b9">
         <name>.debug_info</name>
         <load_address>0xec6</load_address>
         <run_address>0xec6</run_address>
         <size>0x2c</size>
         <input_file_ref idref="fl-2"/>
      </object_component>
      <object_component id="oc-193">
         <name>.debug_info</name>
         <load_address>0xef2</load_address>
         <run_address>0xef2</run_address>
         <size>0x2c</size>
         <input_file_ref idref="fl-2"/>
      </object_component>
      <object_component id="oc-10c">
         <name>.debug_info</name>
         <load_address>0xf1e</load_address>
         <run_address>0xf1e</run_address>
         <size>0x2a4</size>
         <input_file_ref idref="fl-2"/>
      </object_component>
      <object_component id="oc-a9">
         <name>.debug_info</name>
         <load_address>0x11c2</load_address>
         <run_address>0x11c2</run_address>
         <size>0xbb</size>
         <input_file_ref idref="fl-2"/>
      </object_component>
      <object_component id="oc-e4">
         <name>.debug_info</name>
         <load_address>0x127d</load_address>
         <run_address>0x127d</run_address>
         <size>0x53</size>
         <input_file_ref idref="fl-2"/>
      </object_component>
      <object_component id="oc-1d8">
         <name>.debug_info</name>
         <load_address>0x12d0</load_address>
         <run_address>0x12d0</run_address>
         <size>0x2c</size>
         <input_file_ref idref="fl-2"/>
      </object_component>
      <object_component id="oc-1a2">
         <name>.debug_info</name>
         <load_address>0x12fc</load_address>
         <run_address>0x12fc</run_address>
         <size>0x14c</size>
         <input_file_ref idref="fl-2"/>
      </object_component>
      <object_component id="oc-217">
         <name>.debug_info</name>
         <load_address>0x1448</load_address>
         <run_address>0x1448</run_address>
         <size>0x5f0</size>
         <input_file_ref idref="fl-3"/>
      </object_component>
      <object_component id="oc-214">
         <name>.debug_info</name>
         <load_address>0x1a38</load_address>
         <run_address>0x1a38</run_address>
         <size>0xd6</size>
         <input_file_ref idref="fl-3"/>
      </object_component>
      <object_component id="oc-211">
         <name>.debug_info</name>
         <load_address>0x1b0e</load_address>
         <run_address>0x1b0e</run_address>
         <size>0xda</size>
         <input_file_ref idref="fl-3"/>
      </object_component>
      <object_component id="oc-137">
         <name>.debug_info</name>
         <load_address>0x1be8</load_address>
         <run_address>0x1be8</run_address>
         <size>0x194</size>
         <input_file_ref idref="fl-3"/>
      </object_component>
      <object_component id="oc-21b">
         <name>.debug_info</name>
         <load_address>0x1d7c</load_address>
         <run_address>0x1d7c</run_address>
         <size>0x29c</size>
         <input_file_ref idref="fl-3"/>
      </object_component>
      <object_component id="oc-4c">
         <name>.debug_info</name>
         <load_address>0x2018</load_address>
         <run_address>0x2018</run_address>
         <size>0x319</size>
         <input_file_ref idref="fl-4"/>
      </object_component>
      <object_component id="oc-13">
         <name>.debug_info</name>
         <load_address>0x2331</load_address>
         <run_address>0x2331</run_address>
         <size>0xd8</size>
         <input_file_ref idref="fl-4"/>
      </object_component>
      <object_component id="oc-29">
         <name>.debug_info</name>
         <load_address>0x2409</load_address>
         <run_address>0x2409</run_address>
         <size>0x108</size>
         <input_file_ref idref="fl-4"/>
      </object_component>
      <object_component id="oc-2e">
         <name>.debug_info</name>
         <load_address>0x2511</load_address>
         <run_address>0x2511</run_address>
         <size>0xf9</size>
         <input_file_ref idref="fl-4"/>
      </object_component>
      <object_component id="oc-3a">
         <name>.debug_info</name>
         <load_address>0x260a</load_address>
         <run_address>0x260a</run_address>
         <size>0x111</size>
         <input_file_ref idref="fl-4"/>
      </object_component>
      <object_component id="oc-35">
         <name>.debug_info</name>
         <load_address>0x271b</load_address>
         <run_address>0x271b</run_address>
         <size>0xff</size>
         <input_file_ref idref="fl-4"/>
      </object_component>
      <object_component id="oc-334">
         <name>.debug_info</name>
         <load_address>0x281a</load_address>
         <run_address>0x281a</run_address>
         <size>0x525</size>
         <input_file_ref idref="fl-5"/>
      </object_component>
      <object_component id="oc-13d">
         <name>.debug_info</name>
         <load_address>0x2d3f</load_address>
         <run_address>0x2d3f</run_address>
         <size>0x143</size>
         <input_file_ref idref="fl-5"/>
      </object_component>
      <object_component id="oc-228">
         <name>.debug_info</name>
         <load_address>0x2e82</load_address>
         <run_address>0x2e82</run_address>
         <size>0x286</size>
         <input_file_ref idref="fl-5"/>
      </object_component>
      <object_component id="oc-3fb">
         <name>.debug_info</name>
         <load_address>0x3108</load_address>
         <run_address>0x3108</run_address>
         <size>0x2b7</size>
         <input_file_ref idref="fl-6"/>
      </object_component>
      <object_component id="oc-32d">
         <name>.debug_info</name>
         <load_address>0x33bf</load_address>
         <run_address>0x33bf</run_address>
         <size>0x132</size>
         <input_file_ref idref="fl-6"/>
      </object_component>
      <object_component id="oc-32a">
         <name>.debug_info</name>
         <load_address>0x34f1</load_address>
         <run_address>0x34f1</run_address>
         <size>0x312</size>
         <input_file_ref idref="fl-6"/>
      </object_component>
      <object_component id="oc-224">
         <name>.debug_info</name>
         <load_address>0x3803</load_address>
         <run_address>0x3803</run_address>
         <size>0x21d</size>
         <input_file_ref idref="fl-6"/>
      </object_component>
      <object_component id="oc-2e1">
         <name>.debug_info</name>
         <load_address>0x3a20</load_address>
         <run_address>0x3a20</run_address>
         <size>0x2fa</size>
         <input_file_ref idref="fl-7"/>
      </object_component>
      <object_component id="oc-2e6">
         <name>.debug_info</name>
         <load_address>0x3d1a</load_address>
         <run_address>0x3d1a</run_address>
         <size>0x124</size>
         <input_file_ref idref="fl-7"/>
      </object_component>
      <object_component id="oc-2e3">
         <name>.debug_info</name>
         <load_address>0x3e3e</load_address>
         <run_address>0x3e3e</run_address>
         <size>0x124</size>
         <input_file_ref idref="fl-7"/>
      </object_component>
      <object_component id="oc-200">
         <name>.debug_info</name>
         <load_address>0x3f62</load_address>
         <run_address>0x3f62</run_address>
         <size>0x24c</size>
         <input_file_ref idref="fl-7"/>
      </object_component>
      <object_component id="oc-1fb">
         <name>.debug_info</name>
         <load_address>0x41ae</load_address>
         <run_address>0x41ae</run_address>
         <size>0x249</size>
         <input_file_ref idref="fl-7"/>
      </object_component>
      <object_component id="oc-2de">
         <name>.debug_info</name>
         <load_address>0x43f7</load_address>
         <run_address>0x43f7</run_address>
         <size>0x245</size>
         <input_file_ref idref="fl-7"/>
      </object_component>
      <object_component id="oc-1f5">
         <name>.debug_info</name>
         <load_address>0x463c</load_address>
         <run_address>0x463c</run_address>
         <size>0x284</size>
         <input_file_ref idref="fl-7"/>
      </object_component>
      <object_component id="oc-326">
         <name>.debug_info</name>
         <load_address>0x48c0</load_address>
         <run_address>0x48c0</run_address>
         <size>0x21d</size>
         <input_file_ref idref="fl-7"/>
      </object_component>
      <object_component id="oc-1b3">
         <name>.debug_info</name>
         <load_address>0x4add</load_address>
         <run_address>0x4add</run_address>
         <size>0x306</size>
         <input_file_ref idref="fl-8"/>
      </object_component>
      <object_component id="oc-104">
         <name>.debug_info</name>
         <load_address>0x4de3</load_address>
         <run_address>0x4de3</run_address>
         <size>0x267</size>
         <input_file_ref idref="fl-8"/>
      </object_component>
      <object_component id="oc-3a0">
         <name>.debug_info</name>
         <load_address>0x504a</load_address>
         <run_address>0x504a</run_address>
         <size>0x292</size>
         <input_file_ref idref="fl-8"/>
      </object_component>
      <object_component id="oc-3c7">
         <name>.debug_info</name>
         <load_address>0x52dc</load_address>
         <run_address>0x52dc</run_address>
         <size>0x214</size>
         <input_file_ref idref="fl-8"/>
      </object_component>
      <object_component id="oc-1e6">
         <name>.debug_info</name>
         <load_address>0x54f0</load_address>
         <run_address>0x54f0</run_address>
         <size>0x20c</size>
         <input_file_ref idref="fl-8"/>
      </object_component>
      <object_component id="oc-fe">
         <name>.debug_info</name>
         <load_address>0x56fc</load_address>
         <run_address>0x56fc</run_address>
         <size>0x23f</size>
         <input_file_ref idref="fl-8"/>
      </object_component>
      <object_component id="oc-1a7">
         <name>.debug_info</name>
         <load_address>0x593b</load_address>
         <run_address>0x593b</run_address>
         <size>0x110</size>
         <input_file_ref idref="fl-8"/>
      </object_component>
      <object_component id="oc-1f0">
         <name>.debug_info</name>
         <load_address>0x5a4b</load_address>
         <run_address>0x5a4b</run_address>
         <size>0x79d</size>
         <input_file_ref idref="fl-9"/>
      </object_component>
      <object_component id="oc-2b5">
         <name>.debug_info</name>
         <load_address>0x61e8</load_address>
         <run_address>0x61e8</run_address>
         <size>0x2e1</size>
         <input_file_ref idref="fl-9"/>
      </object_component>
      <object_component id="oc-3e0">
         <name>.debug_info</name>
         <load_address>0x64c9</load_address>
         <run_address>0x64c9</run_address>
         <size>0x261</size>
         <input_file_ref idref="fl-9"/>
      </object_component>
      <object_component id="oc-3ec">
         <name>.debug_info</name>
         <load_address>0x672a</load_address>
         <run_address>0x672a</run_address>
         <size>0x25e</size>
         <input_file_ref idref="fl-9"/>
      </object_component>
      <object_component id="oc-317">
         <name>.debug_info</name>
         <load_address>0x6988</load_address>
         <run_address>0x6988</run_address>
         <size>0x58a</size>
         <input_file_ref idref="fl-9"/>
      </object_component>
      <object_component id="oc-2bb">
         <name>.debug_info</name>
         <load_address>0x6f12</load_address>
         <run_address>0x6f12</run_address>
         <size>0x25f</size>
         <input_file_ref idref="fl-9"/>
      </object_component>
      <object_component id="oc-2c8">
         <name>.debug_info</name>
         <load_address>0x7171</load_address>
         <run_address>0x7171</run_address>
         <size>0x2c7</size>
         <input_file_ref idref="fl-9"/>
      </object_component>
      <object_component id="oc-1ea">
         <name>.debug_info</name>
         <load_address>0x7438</load_address>
         <run_address>0x7438</run_address>
         <size>0x4fa</size>
         <input_file_ref idref="fl-9"/>
      </object_component>
      <object_component id="oc-2ec">
         <name>.debug_info</name>
         <load_address>0x7932</load_address>
         <run_address>0x7932</run_address>
         <size>0x2e5</size>
         <input_file_ref idref="fl-9"/>
      </object_component>
      <object_component id="oc-206">
         <name>.debug_info</name>
         <load_address>0x7c17</load_address>
         <run_address>0x7c17</run_address>
         <size>0x343</size>
         <input_file_ref idref="fl-9"/>
      </object_component>
      <object_component id="oc-131">
         <name>.debug_info</name>
         <load_address>0x7f5a</load_address>
         <run_address>0x7f5a</run_address>
         <size>0x2a2</size>
         <input_file_ref idref="fl-9"/>
      </object_component>
      <object_component id="oc-2d5">
         <name>.debug_info</name>
         <load_address>0x81fc</load_address>
         <run_address>0x81fc</run_address>
         <size>0x1cd</size>
         <input_file_ref idref="fl-9"/>
      </object_component>
      <object_component id="oc-19d">
         <name>.debug_info</name>
         <load_address>0x83c9</load_address>
         <run_address>0x83c9</run_address>
         <size>0x35</size>
         <input_file_ref idref="fl-9"/>
      </object_component>
      <object_component id="oc-e3">
         <name>.debug_info</name>
         <load_address>0x83fe</load_address>
         <run_address>0x83fe</run_address>
         <size>0x784</size>
         <input_file_ref idref="fl-a"/>
      </object_component>
      <object_component id="oc-8f">
         <name>.debug_info</name>
         <load_address>0x8b82</load_address>
         <run_address>0x8b82</run_address>
         <size>0x32a</size>
         <input_file_ref idref="fl-a"/>
      </object_component>
      <object_component id="oc-f3">
         <name>.debug_info</name>
         <load_address>0x8eac</load_address>
         <run_address>0x8eac</run_address>
         <size>0x126</size>
         <input_file_ref idref="fl-a"/>
      </object_component>
      <object_component id="oc-3d5">
         <name>.debug_info</name>
         <load_address>0x8fd2</load_address>
         <run_address>0x8fd2</run_address>
         <size>0x126</size>
         <input_file_ref idref="fl-a"/>
      </object_component>
      <object_component id="oc-3d8">
         <name>.debug_info</name>
         <load_address>0x90f8</load_address>
         <run_address>0x90f8</run_address>
         <size>0x126</size>
         <input_file_ref idref="fl-a"/>
      </object_component>
      <object_component id="oc-109">
         <name>.debug_info</name>
         <load_address>0x921e</load_address>
         <run_address>0x921e</run_address>
         <size>0x168</size>
         <input_file_ref idref="fl-a"/>
      </object_component>
      <object_component id="oc-383">
         <name>.debug_info</name>
         <load_address>0x9386</load_address>
         <run_address>0x9386</run_address>
         <size>0x126</size>
         <input_file_ref idref="fl-a"/>
      </object_component>
      <object_component id="oc-3db">
         <name>.debug_info</name>
         <load_address>0x94ac</load_address>
         <run_address>0x94ac</run_address>
         <size>0x134</size>
         <input_file_ref idref="fl-a"/>
      </object_component>
      <object_component id="oc-3ac">
         <name>.debug_info</name>
         <load_address>0x95e0</load_address>
         <run_address>0x95e0</run_address>
         <size>0x128</size>
         <input_file_ref idref="fl-a"/>
      </object_component>
      <object_component id="oc-f7">
         <name>.debug_info</name>
         <load_address>0x9708</load_address>
         <run_address>0x9708</run_address>
         <size>0x212</size>
         <input_file_ref idref="fl-a"/>
      </object_component>
      <object_component id="oc-9c">
         <name>.debug_info</name>
         <load_address>0x991a</load_address>
         <run_address>0x991a</run_address>
         <size>0x2e2</size>
         <input_file_ref idref="fl-a"/>
      </object_component>
      <object_component id="oc-28b">
         <name>.debug_info</name>
         <load_address>0x9bfc</load_address>
         <run_address>0x9bfc</run_address>
         <size>0x2aa</size>
         <input_file_ref idref="fl-a"/>
      </object_component>
      <object_component id="oc-2cd">
         <name>.debug_info</name>
         <load_address>0x9ea6</load_address>
         <run_address>0x9ea6</run_address>
         <size>0x2b3</size>
         <input_file_ref idref="fl-a"/>
      </object_component>
      <object_component id="oc-3b0">
         <name>.debug_info</name>
         <load_address>0xa159</load_address>
         <run_address>0xa159</run_address>
         <size>0x294</size>
         <input_file_ref idref="fl-a"/>
      </object_component>
      <object_component id="oc-3a6">
         <name>.debug_info</name>
         <load_address>0xa3ed</load_address>
         <run_address>0xa3ed</run_address>
         <size>0x26d</size>
         <input_file_ref idref="fl-a"/>
      </object_component>
      <object_component id="oc-311">
         <name>.debug_info</name>
         <load_address>0xa65a</load_address>
         <run_address>0xa65a</run_address>
         <size>0x205</size>
         <input_file_ref idref="fl-a"/>
      </object_component>
      <object_component id="oc-2f2">
         <name>.debug_info</name>
         <load_address>0xa85f</load_address>
         <run_address>0xa85f</run_address>
         <size>0x2f8</size>
         <input_file_ref idref="fl-a"/>
      </object_component>
      <object_component id="oc-2f8">
         <name>.debug_info</name>
         <load_address>0xab57</load_address>
         <run_address>0xab57</run_address>
         <size>0x2f4</size>
         <input_file_ref idref="fl-a"/>
      </object_component>
      <object_component id="oc-304">
         <name>.debug_info</name>
         <load_address>0xae4b</load_address>
         <run_address>0xae4b</run_address>
         <size>0x279</size>
         <input_file_ref idref="fl-a"/>
      </object_component>
      <object_component id="oc-20b">
         <name>.debug_info</name>
         <load_address>0xb0c4</load_address>
         <run_address>0xb0c4</run_address>
         <size>0x4af</size>
         <input_file_ref idref="fl-a"/>
      </object_component>
      <object_component id="oc-29d">
         <name>.debug_info</name>
         <load_address>0xb573</load_address>
         <run_address>0xb573</run_address>
         <size>0x228</size>
         <input_file_ref idref="fl-a"/>
      </object_component>
      <object_component id="oc-2af">
         <name>.debug_info</name>
         <load_address>0xb79b</load_address>
         <run_address>0xb79b</run_address>
         <size>0x2fc</size>
         <input_file_ref idref="fl-a"/>
      </object_component>
      <object_component id="oc-95">
         <name>.debug_info</name>
         <load_address>0xba97</load_address>
         <run_address>0xba97</run_address>
         <size>0x273</size>
         <input_file_ref idref="fl-a"/>
      </object_component>
      <object_component id="oc-27f">
         <name>.debug_info</name>
         <load_address>0xbd0a</load_address>
         <run_address>0xbd0a</run_address>
         <size>0x1e8</size>
         <input_file_ref idref="fl-a"/>
      </object_component>
      <object_component id="oc-142">
         <name>.debug_info</name>
         <load_address>0xbef2</load_address>
         <run_address>0xbef2</run_address>
         <size>0x223</size>
         <input_file_ref idref="fl-a"/>
      </object_component>
      <object_component id="oc-3e6">
         <name>.debug_info</name>
         <load_address>0xc115</load_address>
         <run_address>0xc115</run_address>
         <size>0x279</size>
         <input_file_ref idref="fl-a"/>
      </object_component>
      <object_component id="oc-2c1">
         <name>.debug_info</name>
         <load_address>0xc38e</load_address>
         <run_address>0xc38e</run_address>
         <size>0x2d9</size>
         <input_file_ref idref="fl-a"/>
      </object_component>
      <object_component id="oc-398">
         <name>.debug_info</name>
         <load_address>0xc667</load_address>
         <run_address>0xc667</run_address>
         <size>0x1ea</size>
         <input_file_ref idref="fl-a"/>
      </object_component>
      <object_component id="oc-31d">
         <name>.debug_info</name>
         <load_address>0xc851</load_address>
         <run_address>0xc851</run_address>
         <size>0x356</size>
         <input_file_ref idref="fl-a"/>
      </object_component>
      <object_component id="oc-3f3">
         <name>.debug_info</name>
         <load_address>0xcba7</load_address>
         <run_address>0xcba7</run_address>
         <size>0x208</size>
         <input_file_ref idref="fl-a"/>
      </object_component>
      <object_component id="oc-405">
         <name>.debug_info</name>
         <load_address>0xcdaf</load_address>
         <run_address>0xcdaf</run_address>
         <size>0x227</size>
         <input_file_ref idref="fl-a"/>
      </object_component>
      <object_component id="oc-341">
         <name>.debug_info</name>
         <load_address>0xcfd6</load_address>
         <run_address>0xcfd6</run_address>
         <size>0x2bd</size>
         <input_file_ref idref="fl-a"/>
      </object_component>
      <object_component id="oc-235">
         <name>.debug_info</name>
         <load_address>0xd293</load_address>
         <run_address>0xd293</run_address>
         <size>0x220</size>
         <input_file_ref idref="fl-a"/>
      </object_component>
      <object_component id="oc-189">
         <name>.debug_info</name>
         <load_address>0xd4b3</load_address>
         <run_address>0xd4b3</run_address>
         <size>0x169</size>
         <input_file_ref idref="fl-a"/>
      </object_component>
      <object_component id="oc-198">
         <name>.debug_info</name>
         <load_address>0xd61c</load_address>
         <run_address>0xd61c</run_address>
         <size>0x46</size>
         <input_file_ref idref="fl-a"/>
      </object_component>
      <object_component id="oc-eb">
         <name>.debug_info</name>
         <load_address>0xd662</load_address>
         <run_address>0xd662</run_address>
         <size>0x3e6</size>
         <input_file_ref idref="fl-b"/>
      </object_component>
      <object_component id="oc-92">
         <name>.debug_info</name>
         <load_address>0xda48</load_address>
         <run_address>0xda48</run_address>
         <size>0x154</size>
         <input_file_ref idref="fl-b"/>
      </object_component>
      <object_component id="oc-33c">
         <name>.debug_info</name>
         <load_address>0xdb9c</load_address>
         <run_address>0xdb9c</run_address>
         <size>0x13b</size>
         <input_file_ref idref="fl-b"/>
      </object_component>
      <object_component id="oc-45">
         <name>.debug_info</name>
         <load_address>0xdcd7</load_address>
         <run_address>0xdcd7</run_address>
         <size>0x248</size>
         <input_file_ref idref="fl-b"/>
      </object_component>
      <object_component id="oc-336">
         <name>.debug_info</name>
         <load_address>0xdf1f</load_address>
         <run_address>0xdf1f</run_address>
         <size>0x239</size>
         <input_file_ref idref="fl-b"/>
      </object_component>
      <object_component id="oc-22e">
         <name>.debug_info</name>
         <load_address>0xe158</load_address>
         <run_address>0xe158</run_address>
         <size>0x281</size>
         <input_file_ref idref="fl-b"/>
      </object_component>
      <object_component id="oc-2a3">
         <name>.debug_info</name>
         <load_address>0xe3d9</load_address>
         <run_address>0xe3d9</run_address>
         <size>0x22b</size>
         <input_file_ref idref="fl-b"/>
      </object_component>
      <object_component id="oc-2a9">
         <name>.debug_info</name>
         <load_address>0xe604</load_address>
         <run_address>0xe604</run_address>
         <size>0x22d</size>
         <input_file_ref idref="fl-b"/>
      </object_component>
      <object_component id="oc-2fe">
         <name>.debug_info</name>
         <load_address>0xe831</load_address>
         <run_address>0xe831</run_address>
         <size>0x2e2</size>
         <input_file_ref idref="fl-b"/>
      </object_component>
      <object_component id="oc-3ce">
         <name>.debug_info</name>
         <load_address>0xeb13</load_address>
         <run_address>0xeb13</run_address>
         <size>0x21b</size>
         <input_file_ref idref="fl-b"/>
      </object_component>
      <object_component id="oc-40">
         <name>.debug_info</name>
         <load_address>0xed2e</load_address>
         <run_address>0xed2e</run_address>
         <size>0x289</size>
         <input_file_ref idref="fl-c"/>
      </object_component>
      <object_component id="oc-29a">
         <name>.debug_info</name>
         <load_address>0xefb7</load_address>
         <run_address>0xefb7</run_address>
         <size>0x3af</size>
         <input_file_ref idref="fl-d"/>
      </object_component>
      <object_component id="oc-37f">
         <name>.debug_info</name>
         <load_address>0xf366</load_address>
         <run_address>0xf366</run_address>
         <size>0x122</size>
         <input_file_ref idref="fl-d"/>
      </object_component>
      <object_component id="oc-294">
         <name>.debug_info</name>
         <load_address>0xf488</load_address>
         <run_address>0xf488</run_address>
         <size>0x122</size>
         <input_file_ref idref="fl-d"/>
      </object_component>
      <object_component id="oc-297">
         <name>.debug_info</name>
         <load_address>0xf5aa</load_address>
         <run_address>0xf5aa</run_address>
         <size>0x11e</size>
         <input_file_ref idref="fl-d"/>
      </object_component>
      <object_component id="oc-291">
         <name>.debug_info</name>
         <load_address>0xf6c8</load_address>
         <run_address>0xf6c8</run_address>
         <size>0x13c</size>
         <input_file_ref idref="fl-d"/>
      </object_component>
      <object_component id="oc-3c0">
         <name>.debug_info</name>
         <load_address>0xf804</load_address>
         <run_address>0xf804</run_address>
         <size>0x2a4</size>
         <input_file_ref idref="fl-d"/>
      </object_component>
      <object_component id="oc-286">
         <name>.debug_info</name>
         <load_address>0xfaa8</load_address>
         <run_address>0xfaa8</run_address>
         <size>0x215</size>
         <input_file_ref idref="fl-d"/>
      </object_component>
      <object_component id="oc-1de">
         <name>.debug_info</name>
         <load_address>0xfcbd</load_address>
         <run_address>0xfcbd</run_address>
         <size>0x387</size>
         <input_file_ref idref="fl-d"/>
      </object_component>
      <object_component id="oc-38a">
         <name>.debug_info</name>
         <load_address>0x10044</load_address>
         <run_address>0x10044</run_address>
         <size>0x62</size>
         <input_file_ref idref="fl-d"/>
      </object_component>
      <object_component id="oc-1d7">
         <name>.debug_info</name>
         <load_address>0x100a6</load_address>
         <run_address>0x100a6</run_address>
         <size>0x2c5</size>
         <input_file_ref idref="fl-e"/>
      </object_component>
      <object_component id="oc-26d">
         <name>.debug_info</name>
         <load_address>0x1036b</load_address>
         <run_address>0x1036b</run_address>
         <size>0x106</size>
         <input_file_ref idref="fl-e"/>
      </object_component>
      <object_component id="oc-267">
         <name>.debug_info</name>
         <load_address>0x10471</load_address>
         <run_address>0x10471</run_address>
         <size>0x10e</size>
         <input_file_ref idref="fl-e"/>
      </object_component>
      <object_component id="oc-264">
         <name>.debug_info</name>
         <load_address>0x1057f</load_address>
         <run_address>0x1057f</run_address>
         <size>0x112</size>
         <input_file_ref idref="fl-e"/>
      </object_component>
      <object_component id="oc-271">
         <name>.debug_info</name>
         <load_address>0x10691</load_address>
         <run_address>0x10691</run_address>
         <size>0x21d</size>
         <input_file_ref idref="fl-e"/>
      </object_component>
      <object_component id="oc-1d1">
         <name>.debug_info</name>
         <load_address>0x108ae</load_address>
         <run_address>0x108ae</run_address>
         <size>0x34f</size>
         <input_file_ref idref="fl-e"/>
      </object_component>
      <object_component id="oc-12a">
         <name>.debug_info</name>
         <load_address>0x10bfd</load_address>
         <run_address>0x10bfd</run_address>
         <size>0x1ea</size>
         <input_file_ref idref="fl-e"/>
      </object_component>
      <object_component id="oc-26a">
         <name>.debug_info</name>
         <load_address>0x10de7</load_address>
         <run_address>0x10de7</run_address>
         <size>0x268</size>
         <input_file_ref idref="fl-e"/>
      </object_component>
      <object_component id="oc-1cb">
         <name>.debug_info</name>
         <load_address>0x1104f</load_address>
         <run_address>0x1104f</run_address>
         <size>0x280</size>
         <input_file_ref idref="fl-e"/>
      </object_component>
      <object_component id="oc-59">
         <name>.debug_info</name>
         <load_address>0x112cf</load_address>
         <run_address>0x112cf</run_address>
         <size>0x119</size>
         <input_file_ref idref="fl-cb"/>
      </object_component>
      <object_component id="oc-c4">
         <name>.debug_info</name>
         <load_address>0x113e8</load_address>
         <run_address>0x113e8</run_address>
         <size>0x147</size>
         <input_file_ref idref="fl-cc"/>
      </object_component>
      <object_component id="oc-278">
         <name>.debug_info</name>
         <load_address>0x1152f</load_address>
         <run_address>0x1152f</run_address>
         <size>0x142</size>
         <input_file_ref idref="fl-cd"/>
      </object_component>
      <object_component id="oc-c2">
         <name>.debug_info</name>
         <load_address>0x11671</load_address>
         <run_address>0x11671</run_address>
         <size>0x2d4</size>
         <input_file_ref idref="fl-ce"/>
      </object_component>
      <object_component id="oc-6b">
         <name>.debug_info</name>
         <load_address>0x11945</load_address>
         <run_address>0x11945</run_address>
         <size>0x1b5</size>
         <input_file_ref idref="fl-ce"/>
      </object_component>
      <object_component id="oc-bd">
         <name>.debug_info</name>
         <load_address>0x11afa</load_address>
         <run_address>0x11afa</run_address>
         <size>0x46</size>
         <input_file_ref idref="fl-ce"/>
      </object_component>
      <object_component id="oc-11a">
         <name>.debug_info</name>
         <load_address>0x11b40</load_address>
         <run_address>0x11b40</run_address>
         <size>0x2c</size>
         <input_file_ref idref="fl-ce"/>
      </object_component>
      <object_component id="oc-63">
         <name>.debug_info</name>
         <load_address>0x11b6c</load_address>
         <run_address>0x11b6c</run_address>
         <size>0x2a8</size>
         <input_file_ref idref="fl-cf"/>
      </object_component>
      <object_component id="oc-1e">
         <name>.debug_info</name>
         <load_address>0x11e14</load_address>
         <run_address>0x11e14</run_address>
         <size>0x1ea</size>
         <input_file_ref idref="fl-cf"/>
      </object_component>
      <object_component id="oc-5e">
         <name>.debug_info</name>
         <load_address>0x11ffe</load_address>
         <run_address>0x11ffe</run_address>
         <size>0x46</size>
         <input_file_ref idref="fl-cf"/>
      </object_component>
      <object_component id="oc-b5">
         <name>.debug_info</name>
         <load_address>0x12044</load_address>
         <run_address>0x12044</run_address>
         <size>0x2c</size>
         <input_file_ref idref="fl-cf"/>
      </object_component>
      <object_component id="oc-b3">
         <name>.debug_info</name>
         <load_address>0x12070</load_address>
         <run_address>0x12070</run_address>
         <size>0x29e</size>
         <input_file_ref idref="fl-d0"/>
      </object_component>
      <object_component id="oc-16">
         <name>.debug_info</name>
         <load_address>0x1230e</load_address>
         <run_address>0x1230e</run_address>
         <size>0x250</size>
         <input_file_ref idref="fl-d0"/>
      </object_component>
      <object_component id="oc-4e">
         <name>.debug_info</name>
         <load_address>0x1255e</load_address>
         <run_address>0x1255e</run_address>
         <size>0x60</size>
         <input_file_ref idref="fl-d0"/>
      </object_component>
      <object_component id="oc-113">
         <name>.debug_info</name>
         <load_address>0x125be</load_address>
         <run_address>0x125be</run_address>
         <size>0x46</size>
         <input_file_ref idref="fl-d0"/>
      </object_component>
      <object_component id="oc-ae">
         <name>.debug_info</name>
         <load_address>0x12604</load_address>
         <run_address>0x12604</run_address>
         <size>0x39</size>
         <input_file_ref idref="fl-d0"/>
      </object_component>
      <object_component id="oc-25">
         <name>.debug_info</name>
         <load_address>0x1263d</load_address>
         <run_address>0x1263d</run_address>
         <size>0x10b</size>
         <input_file_ref idref="fl-d1"/>
      </object_component>
      <object_component id="oc-7a">
         <name>.debug_info</name>
         <load_address>0x12748</load_address>
         <run_address>0x12748</run_address>
         <size>0x1a9</size>
         <input_file_ref idref="fl-d1"/>
      </object_component>
      <object_component id="oc-378">
         <name>.debug_info</name>
         <load_address>0x128f1</load_address>
         <run_address>0x128f1</run_address>
         <size>0x115</size>
         <input_file_ref idref="fl-d2"/>
      </object_component>
      <object_component id="oc-245">
         <name>.debug_info</name>
         <load_address>0x12a06</load_address>
         <run_address>0x12a06</run_address>
         <size>0x4b3</size>
         <input_file_ref idref="fl-d3"/>
      </object_component>
      <object_component id="oc-156">
         <name>.debug_info</name>
         <load_address>0x12eb9</load_address>
         <run_address>0x12eb9</run_address>
         <size>0x1a6</size>
         <input_file_ref idref="fl-d3"/>
      </object_component>
      <object_component id="oc-356">
         <name>.debug_info</name>
         <load_address>0x1305f</load_address>
         <run_address>0x1305f</run_address>
         <size>0x39</size>
         <input_file_ref idref="fl-d3"/>
      </object_component>
      <object_component id="oc-40d">
         <name>.debug_info</name>
         <load_address>0x13098</load_address>
         <run_address>0x13098</run_address>
         <size>0x39</size>
         <input_file_ref idref="fl-d3"/>
      </object_component>
      <object_component id="oc-35b">
         <name>.debug_info</name>
         <load_address>0x130d1</load_address>
         <run_address>0x130d1</run_address>
         <size>0x39</size>
         <input_file_ref idref="fl-d3"/>
      </object_component>
      <object_component id="oc-360">
         <name>.debug_info</name>
         <load_address>0x1310a</load_address>
         <run_address>0x1310a</run_address>
         <size>0xcd</size>
         <input_file_ref idref="fl-d3"/>
      </object_component>
      <object_component id="oc-ca">
         <name>.debug_info</name>
         <load_address>0x131d7</load_address>
         <run_address>0x131d7</run_address>
         <size>0x153</size>
         <input_file_ref idref="fl-d4"/>
      </object_component>
      <object_component id="oc-14a">
         <name>.debug_info</name>
         <load_address>0x1332a</load_address>
         <run_address>0x1332a</run_address>
         <size>0x122</size>
         <input_file_ref idref="fl-d6"/>
      </object_component>
      <object_component id="oc-367">
         <name>.debug_info</name>
         <load_address>0x1344c</load_address>
         <run_address>0x1344c</run_address>
         <size>0x8b</size>
         <input_file_ref idref="fl-d9"/>
      </object_component>
      <object_component id="oc-25d">
         <name>.debug_info</name>
         <load_address>0x134d7</load_address>
         <run_address>0x134d7</run_address>
         <size>0x18b</size>
         <input_file_ref idref="fl-d9"/>
      </object_component>
      <object_component id="oc-262">
         <name>.debug_info</name>
         <load_address>0x13662</load_address>
         <run_address>0x13662</run_address>
         <size>0x227</size>
         <input_file_ref idref="fl-da"/>
      </object_component>
      <object_component id="oc-1c4">
         <name>.debug_info</name>
         <load_address>0x13889</load_address>
         <run_address>0x13889</run_address>
         <size>0x291</size>
         <input_file_ref idref="fl-da"/>
      </object_component>
      <object_component id="oc-463">
         <name>.debug_info</name>
         <load_address>0x13b1a</load_address>
         <run_address>0x13b1a</run_address>
         <size>0x98</size>
      </object_component>
      <object_component id="oc-1b8">
         <name>.debug_line</name>
         <load_address>0x0</load_address>
         <run_address>0x0</run_address>
         <size>0x1a9</size>
         <input_file_ref idref="fl-2"/>
      </object_component>
      <object_component id="oc-ed">
         <name>.debug_line</name>
[...]
               <logical_group_ref idref="lg-3"/>
            </allocated_space>
            <allocated_space>
               <start_address>0x26c</start_address>
               <size>0x1d4e</size>
               <logical_group_ref idref="lg-4"/>
            </allocated_space>
            <available_space>
               <start_address>0x1fba</start_address>
               <size>0x2</size>
            </available_space>
            <allocated_space>
               <start_address>0x1fbc</start_address>
               <size>0x1c</size>
               <logical_group_ref idref="lg-5"/>
            </allocated_space>
            <allocated_space>
               <start_address>0x1fd8</start_address>
               <size>0x40</size>
               <logical_group_ref idref="lg-6"/>
            </allocated_space>
            <available_space>
               <start_address>0x2018</start_address>
               <size>0x3dfe8</size>
            </available_space>
         </usage_details>
      </memory_area>
      <memory_area display="yes" color="green">
         <name>SRAM</name>
         <page_id>0x0</page_id>
         <origin>0x20000000</origin>
         <length>0x8000</length>
         <used_space>0x7955</used_space>
         <unused_space>0x6ab</unused_space>
         <attributes>RWX</attributes>
         <usage_details>
            <allocated_space>
               <start_address>0x20000000</start_address>
               <size>0x0</size>
               <logical_group_ref idref="lg-436"/>
            </allocated_space>
            <allocated_space>
               <start_address>0x20000000</start_address>
               <size>0x7701</size>
               <logical_group_ref idref="lg-b"/>
            </allocated_space>
            <available_space>
               <start_address>0x20007701</start_address>
               <size>0x7</size>
            </available_space>
            <allocated_space>
               <start_address>0x20007708</start_address>
               <size>0x200</size>
               <logical_group_ref idref="lg-d"/>
            </allocated_space>
            <allocated_space>
               <start_address>0x20007908</start_address>
               <size>0x54</size>
               <logical_group_ref idref="lg-a"/>
            </allocated_space>
            <available_space>
               <start_address>0x2000795c</start_address>
               <size>0x6a4</size>
            </available_space>
         </usage_details>
      </memory_area>
   </placement_map>
   <cptbl_list>
      <cptbl>
         <name>__TI_cinit_table</name>
         <cprec>
            <name>.data</name>
            <load_address>0x1fd8</load_address>
            <load_size>0x17</load_size>
            <run_address>0x20007908</run_address>
            <run_size>0x54</run_size>
            <compression>lzss</compression>
         </cprec>
         <cprec>
            <name>.bss</name>
            <load_address>0x2000</load_address>
            <load_size>0x8</load_size>
            <run_address>0x20000000</run_address>
            <run_size>0x7701</run_size>
            <compression>zero_init</compression>
         </cprec>
      </cptbl>
   </cptbl_list>
   <handler_table>
      <handler_table_name>__TI_handler_table</handler_table_name>
      <handler>
         <index>0x0</index>
         <name>__TI_decompress_lzss</name>
      </handler>
      <handler>
         <index>0x1</index>
         <name>__TI_decompress_none</name>
      </handler>
      <handler>
         <index>0x2</index>
         <name>__TI_zero_init</name>
      </handler>
   </handler_table>
   <symbol_table>
      <symbol id="sm-1">
         <name>__STACK_TOP</name>
         <value>0x20007908</value>
      </symbol>
      <symbol id="sm-2">
         <name>__start___llvm_prf_cnts</name>
         <value>0x20000000</value>
      </symbol>
      <symbol id="sm-3">
         <name>__stop___llvm_prf_cnts</name>
         <value>0x20000000</value>
      </symbol>
      <symbol id="sm-4">
         <name>__TI_CINIT_Base</name>
         <value>0x2008</value>
      </symbol>
      <symbol id="sm-5">
         <name>__TI_CINIT_Limit</name>
         <value>0x2018</value>
      </symbol>
      <symbol id="sm-6">
         <name>__TI_Handler_Table_Base</name>
         <value>0x1ff0</value>
      </symbol>
      <symbol id="sm-7">
         <name>__TI_Handler_Table_Limit</name>
         <value>0x1ffc</value>
      </symbol>
      <symbol id="sm-8">
         <name>binit</name>
         <value>0xffffffff</value>
      </symbol>
      <symbol id="sm-9">
         <name>__binit__</name>
         <value>0xffffffff</value>
      </symbol>
      <symbol id="sm-a">
         <name>__STACK_SIZE</name>
         <value>0x200</value>
      </symbol>
      <symbol id="sm-b">
         <name>__STACK_END</name>
         <value>0x20007908</value>
      </symbol>
      <symbol id="sm-c">
         <name>__c_args__</name>
         <value>0xffffffff</value>
      </symbol>
      <symbol id="sm-d">
         <name>__TI_pprof_out_hndl</name>
         <value>0xffffffff</value>
      </symbol>
      <symbol id="sm-e">
         <name>__TI_prof_data_start</name>
         <value>0xffffffff</value>
      </symbol>
      <symbol id="sm-f">
         <name>__TI_prof_data_size</name>
         <value>0xffffffff</value>
      </symbol>
      <symbol id="sm-8a">
         <name>g_pUARTSemaphore</name>
         <value>0x200076fc</value>
      </symbol>
      <symbol id="sm-8b">
         <name>vApplicationStackOverflowHook</name>
         <value>0x17f3</value>
         <object_component_ref idref="oc-ec"/>
      </symbol>
      <symbol id="sm-8c">
         <name>main</name>
         <value>0x1435</value>
         <object_component_ref idref="oc-cf"/>
      </symbol>
      <symbol id="sm-8d">
         <name>ConfigureUART</name>
         <value>0x16c9</value>
         <object_component_ref idref="oc-123"/>
      </symbol>
      <symbol id="sm-c7">
         <name>g_pLEDQueue</name>
         <value>0x200076f8</value>
      </symbol>
      <symbol id="sm-c8">
         <name>LEDTaskInit</name>
         <value>0xd35</value>
         <object_component_ref idref="oc-135"/>
      </symbol>
      <symbol id="sm-f9">
         <name>ResetISR</name>
         <value>0x1fa1</value>
         <object_component_ref idref="oc-27"/>
      </symbol>
      <symbol id="sm-fa">
         <name>g_pfnVectors</name>
         <value>0x0</value>
         <object_component_ref idref="oc-12"/>
      </symbol>
      <symbol id="sm-123">
         <name>SwitchTaskInit</name>
         <value>0x1ab5</value>
         <object_component_ref idref="oc-13b"/>
      </symbol>
      <symbol id="sm-151">
         <name>ButtonsInit</name>
         <value>0x1591</value>
         <object_component_ref idref="oc-220"/>
      </symbol>
      <symbol id="sm-152">
         <name>ButtonsPoll</name>
         <value>0x11b1</value>
         <object_component_ref idref="oc-330"/>
      </symbol>
      <symbol id="sm-1a8">
         <name>RGBDisable</name>
         <value>0x15f9</value>
         <object_component_ref idref="oc-322"/>
      </symbol>
      <symbol id="sm-1a9">
         <name>RGBIntensitySet</name>
         <value>0x1f09</value>
         <object_component_ref idref="oc-1f8"/>
      </symbol>
      <symbol id="sm-1aa">
         <name>RGBEnable</name>
         <value>0xdfd</value>
         <object_component_ref idref="oc-2da"/>
      </symbol>
      <symbol id="sm-1ab">
         <name>RGBInit</name>
         <value>0x691</value>
         <object_component_ref idref="oc-1f2"/>
      </symbol>
      <symbol id="sm-1ac">
         <name>RGBColorSet</name>
         <value>0x1005</value>
         <object_component_ref idref="oc-1fe"/>
      </symbol>
      <symbol id="sm-1e1">
         <name>uxListRemove</name>
         <value>0x1e03</value>
         <object_component_ref idref="oc-fc"/>
      </symbol>
      <symbol id="sm-1e2">
         <name>vListInsert</name>
         <value>0x1cc3</value>
         <object_component_ref idref="oc-39f"/>
      </symbol>
      <symbol id="sm-1e3">
         <name>vListInitialiseItem</name>
         <value>0x1fad</value>
         <object_component_ref idref="oc-3c6"/>
      </symbol>
      <symbol id="sm-1e4">
         <name>vListInsertEnd</name>
         <value>0x1ea9</value>
         <object_component_ref idref="oc-102"/>
      </symbol>
      <symbol id="sm-1e5">
         <name>vListInitialise</name>
         <value>0x1ef1</value>
         <object_component_ref idref="oc-1e3"/>
      </symbol>
      <symbol id="sm-27a">
         <name>xQueueGenericCreate</name>
         <value>0x1c4d</value>
         <object_component_ref idref="oc-204"/>
      </symbol>
      <symbol id="sm-27b">
         <name>xQueueCreateMutex</name>
         <value>0x1a19</value>
         <object_component_ref idref="oc-12f"/>
      </symbol>
      <symbol id="sm-27c">
         <name>xQueueGenericSend</name>
         <value>0xa95</value>
         <object_component_ref idref="oc-1e9"/>
      </symbol>
      <symbol id="sm-27d">
         <name>xQueueGenericReset</name>
         <value>0x12bd</value>
         <object_component_ref idref="oc-2ea"/>
      </symbol>
      <symbol id="sm-27e">
         <name>xQueueGenericReceive</name>
         <value>0x579</value>
         <object_component_ref idref="oc-316"/>
      </symbol>
      <symbol id="sm-442">
         <name>vTaskSuspendAll</name>
         <value>0x1f55</value>
         <object_component_ref idref="oc-27e"/>
      </symbol>
      <symbol id="sm-443">
         <name>vTaskPriorityInherit</name>
         <value>0x1095</value>
         <object_component_ref idref="oc-3e5"/>
      </symbol>
      <symbol id="sm-444">
         <name>vTaskPlaceOnEventList</name>
         <value>0x172d</value>
         <object_component_ref idref="oc-2c0"/>
      </symbol>
      <symbol id="sm-445">
         <name>xTaskCheckForTimeOut</name>
         <value>0x19c5</value>
         <object_component_ref idref="oc-2ae"/>
      </symbol>
      <symbol id="sm-446">
         <name>xTaskPriorityDisinherit</name>
         <value>0x13bd</value>
         <object_component_ref idref="oc-3af"/>
      </symbol>
      <symbol id="sm-447">
         <name>vTaskStartScheduler</name>
         <value>0x18b5</value>
         <object_component_ref idref="oc-141"/>
      </symbol>
      <symbol id="sm-448">
         <name>pvTaskIncrementMutexHeldCount</name>
         <value>0x1e91</value>
         <object_component_ref idref="oc-3f1"/>
      </symbol>
      <symbol id="sm-449">
         <name>vTaskDelayUntil</name>
         <value>0x1239</value>
         <object_component_ref idref="oc-31c"/>
      </symbol>
      <symbol id="sm-44a">
         <name>vTaskMissedYield</name>
         <value>0x1f81</value>
         <object_component_ref idref="oc-397"/>
      </symbol>
      <symbol id="sm-44b">
         <name>xTaskResumeAll</name>
         <value>0xb7d</value>
         <object_component_ref idref="oc-28a"/>
      </symbol>
      <symbol id="sm-44c">
         <name>xTaskGetTickCount</name>
         <value>0x1f8d</value>
         <object_component_ref idref="oc-310"/>
      </symbol>
      <symbol id="sm-44d">
         <name>xTaskGenericCreate</name>
         <value>0x899</value>
         <object_component_ref idref="oc-20a"/>
      </symbol>
      <symbol id="sm-44e">
         <name>pxCurrentTCB</name>
         <value>0x20007908</value>
         <object_component_ref idref="oc-8e"/>
      </symbol>
      <symbol id="sm-44f">
         <name>vTaskSetTimeOutState</name>
         <value>0x1ed9</value>
         <object_component_ref idref="oc-29c"/>
      </symbol>
      <symbol id="sm-450">
         <name>xTaskIncrementTick</name>
         <value>0x795</value>
         <object_component_ref idref="oc-9b"/>
      </symbol>
      <symbol id="sm-451">
         <name>vTaskSwitchContext</name>
         <value>0x1125</value>
         <object_component_ref idref="oc-94"/>
      </symbol>
      <symbol id="sm-452">
         <name>xTaskRemoveFromEventList</name>
         <value>0x14a9</value>
         <object_component_ref idref="oc-2cc"/>
      </symbol>
      <symbol id="sm-4ac">
         <name>ulMaxSyscallInterruptPriority</name>
         <value>0x1fd4</value>
         <object_component_ref idref="oc-91"/>
      </symbol>
      <symbol id="sm-4ad">
         <name>vPortSetupTimerInterrupt</name>
         <value>0x1f1d</value>
         <object_component_ref idref="oc-335"/>
      </symbol>
      <symbol id="sm-4ae">
         <name>xPortSysTickHandler</name>
         <value>0x1d61</value>
         <object_component_ref idref="oc-44"/>
      </symbol>
      <symbol id="sm-4af">
         <name>pxPortInitialiseStack</name>
         <value>0x1db5</value>
         <object_component_ref idref="oc-2fd"/>
      </symbol>
      <symbol id="sm-4b0">
         <name>vPortExitCritical</name>
         <value>0x1ec1</value>
         <object_component_ref idref="oc-2a2"/>
      </symbol>
      <symbol id="sm-4b1">
         <name>xPortStartScheduler</name>
         <value>0x1c0d</value>
         <object_component_ref idref="oc-22d"/>
      </symbol>
      <symbol id="sm-4b2">
         <name>vPortEnterCritical</name>
         <value>0x1e41</value>
         <object_component_ref idref="oc-2a8"/>
      </symbol>
      <symbol id="sm-4c1">
         <name>vPortStartFirstTask</name>
         <value>0xd09</value>
         <object_component_ref idref="oc-3f"/>
      </symbol>
      <symbol id="sm-4c2">
         <name>ulPortGetIPSR</name>
         <value>0xc71</value>
         <object_component_ref idref="oc-3f"/>
      </symbol>
      <symbol id="sm-4c3">
         <name>vPortEnableVFP</name>
         <value>0xd25</value>
         <object_component_ref idref="oc-3f"/>
      </symbol>
      <symbol id="sm-4c4">
         <name>xPortPendSVHandler</name>
         <value>0xc89</value>
         <object_component_ref idref="oc-3f"/>
      </symbol>
      <symbol id="sm-4c5">
         <name>vPortSVCHandler</name>
         <value>0xce9</value>
         <object_component_ref idref="oc-3f"/>
      </symbol>
      <symbol id="sm-51a">
         <name>pvPortMalloc</name>
         <value>0xebd</value>
         <object_component_ref idref="oc-1dd"/>
      </symbol>
      <symbol id="sm-51b">
         <name>vPortFree</name>
         <value>0x1b89</value>
         <object_component_ref idref="oc-3bf"/>
      </symbol>
      <symbol id="sm-589">
         <name>UARTStdioConfig</name>
         <value>0x17f5</value>
         <object_component_ref idref="oc-1c9"/>
      </symbol>
      <symbol id="sm-58a">
         <name>UARTwrite</name>
         <value>0x1afd</value>
         <object_component_ref idref="oc-270"/>
      </symbol>
      <symbol id="sm-58b">
         <name>UARTprintf</name>
         <value>0x1e5d</value>
         <object_component_ref idref="oc-129"/>
      </symbol>
      <symbol id="sm-58c">
         <name>UARTvprintf</name>
         <value>0x26d</value>
         <object_component_ref idref="oc-1d0"/>
      </symbol>
      <symbol id="sm-5a9">
         <name>memcpy</name>
         <value>0xf69</value>
         <object_component_ref idref="oc-58"/>
      </symbol>
      <symbol id="sm-5aa">
         <name>__aeabi_memcpy</name>
         <value>0xf69</value>
         <object_component_ref idref="oc-58"/>
      </symbol>
      <symbol id="sm-5ab">
         <name>__aeabi_memcpy8</name>
         <value>0xf69</value>
         <object_component_ref idref="oc-58"/>
      </symbol>
      <symbol id="sm-5ac">
         <name>__aeabi_memcpy4</name>
         <value>0xf69</value>
         <object_component_ref idref="oc-58"/>
      </symbol>
      <symbol id="sm-5bb">
         <name>__aeabi_memset</name>
         <value>0x1343</value>
         <object_component_ref idref="oc-c3"/>
      </symbol>
      <symbol id="sm-5bc">
         <name>memset</name>
         <value>0x1349</value>
         <object_component_ref idref="oc-c3"/>
      </symbol>
      <symbol id="sm-5bd">
         <name>__aeabi_memset8</name>
         <value>0x1343</value>
         <object_component_ref idref="oc-c3"/>
      </symbol>
      <symbol id="sm-5be">
         <name>__aeabi_memset4</name>
         <value>0x1343</value>
         <object_component_ref idref="oc-c3"/>
      </symbol>
      <symbol id="sm-5bf">
         <name>__aeabi_memclr8</name>
         <value>0x1341</value>
         <object_component_ref idref="oc-c3"/>
      </symbol>
      <symbol id="sm-5c0">
         <name>__aeabi_memclr4</name>
         <value>0x1341</value>
         <object_component_ref idref="oc-c3"/>
      </symbol>
      <symbol id="sm-5c1">
         <name>__aeabi_memclr</name>
         <value>0x1341</value>
         <object_component_ref idref="oc-c3"/>
      </symbol>
      <symbol id="sm-5d0">
         <name>__aeabi_uidivmod</name>
         <value>0x1bcd</value>
         <object_component_ref idref="oc-276"/>
      </symbol>
      <symbol id="sm-5d1">
         <name>__aeabi_uidiv</name>
         <value>0x1bcd</value>
         <object_component_ref idref="oc-276"/>
      </symbol>
      <symbol id="sm-5e8">
         <name>__TI_zero_init</name>
         <value>0x1f73</value>
         <object_component_ref idref="oc-6a"/>
      </symbol>
      <symbol id="sm-5ff">
         <name>__TI_decompress_none</name>
         <value>0x1f65</value>
         <object_component_ref idref="oc-1b"/>
      </symbol>
      <symbol id="sm-622">
         <name>__TI_decompress_lzss</name>
         <value>0x1661</value>
         <object_component_ref idref="oc-15"/>
      </symbol>
      <symbol id="sm-635">
         <name>__stack</name>
         <value>0x20007708</value>
         <object_component_ref idref="oc-24"/>
      </symbol>
      <symbol id="sm-636">
         <name>_c_int00_noargs</name>
         <value>0x1cfd</value>
         <object_component_ref idref="oc-76"/>
      </symbol>
      <symbol id="sm-640">
         <name>__aeabi_idiv0</name>
         <value>0x158f</value>
         <object_component_ref idref="oc-377"/>
      </symbol>
      <symbol id="sm-641">
         <name>__aeabi_ldiv0</name>
         <value>0x158f</value>
         <object_component_ref idref="oc-377"/>
      </symbol>
      <symbol id="sm-669">
         <name>__TI_auto_init_nobinit_nopinit</name>
         <value>0x1b45</value>
         <object_component_ref idref="oc-155"/>
      </symbol>
      <symbol id="sm-673">
         <name>_system_pre_init</name>
         <value>0x1fb3</value>
         <object_component_ref idref="oc-c9"/>
      </symbol>
      <symbol id="sm-67f">
         <name>C$$EXIT</name>
         <value>0x1fb7</value>
         <object_component_ref idref="oc-149"/>
      </symbol>
      <symbol id="sm-680">
         <name>abort</name>
         <value>0x1fb7</value>
         <object_component_ref idref="oc-149"/>
      </symbol>
      <symbol id="sm-69a">
         <name>UARTClockSourceSet</name>
         <value>0x1fa7</value>
         <object_component_ref idref="oc-1c3"/>
      </symbol>
      <symbol id="sm-69d">
         <name>__TI_static_base__</name>
         <value>0x0</value>
      </symbol>
      <symbol id="sm-6a0">
         <name>__mpu_init</name>
         <value>0x0</value>
      </symbol>
      <symbol id="sm-6a1">
         <name>_system_post_cinit</name>
         <value>0x0</value>
      </symbol>
   </symbol_table>
   <title>Link successful</title>
</link_info>
